#! /usr/bin/vvp
:ivl_version "12.0 (stable)";
:ivl_delay_selection "TYPICAL";
:vpi_time_precision + 0;
:vpi_module "/usr/lib/x86_64-linux-gnu/ivl/system.vpi";
:vpi_module "/usr/lib/x86_64-linux-gnu/ivl/vhdl_sys.vpi";
:vpi_module "/usr/lib/x86_64-linux-gnu/ivl/vhdl_textio.vpi";
:vpi_module "/usr/lib/x86_64-linux-gnu/ivl/v2005_math.vpi";
:vpi_module "/usr/lib/x86_64-linux-gnu/ivl/va_math.vpi";
:vpi_module "/usr/lib/x86_64-linux-gnu/ivl/v2009.vpi";
S_0x5eb36b5fe2d0 .scope package, "$unit" "$unit" 2 1;
 .timescale 0 0;
S_0x5eb36b5f3720 .scope module, "top_wrapper" "top_wrapper" 3 1;
 .timescale 0 0;
    .port_info 0 /INPUT 1 "clk";
    .port_info 1 /INPUT 1 "reset";
    .port_info 2 /OUTPUT 32 "probe_pc";
    .port_info 3 /OUTPUT 32 "probe_alu_out";
    .port_info 4 /OUTPUT 32 "probe_wb_data";
    .port_info 5 /OUTPUT 1 "probe_reg_write";
P_0x5eb36b5d57b0 .param/l "ADDR_WIDTH" 0 3 3, +C4<00000000000000000000000000100000>;
P_0x5eb36b5d57f0 .param/l "CONTROL_BITS" 0 3 4, +C4<00000000000000000000000000000011>;
P_0x5eb36b5d5830 .param/l "DATA_WIDTH" 0 3 2, +C4<00000000000000000000000000100000>;
P_0x5eb36b5d5870 .param/l "DEPTH" 0 3 8, +C4<00000000000000000000010000000000>;
P_0x5eb36b5d58b0 .param/l "number_of_elements" 0 3 5, +C4<00000000000000000000011111010000>;
P_0x5eb36b5d58f0 .param/l "reg_add_size" 0 3 7, +C4<00000000000000000000000000000101>;
P_0x5eb36b5d5930 .param/l "total_num_reg" 0 3 6, +C4<00000000000000000000000000100000>;
L_0x5eb36b63a0a0 .functor BUFZ 32, v0x5eb36b6250e0_0, C4<00000000000000000000000000000000>, C4<00000000000000000000000000000000>, C4<00000000000000000000000000000000>;
L_0x5eb36b63a520 .functor BUFZ 5, L_0x5eb36b63a7c0, C4<00000>, C4<00000>, C4<00000>;
L_0x5eb36b63a750 .functor BUFZ 32, v0x5eb36b627ad0_0, C4<00000000000000000000000000000000>, C4<00000000000000000000000000000000>, C4<00000000000000000000000000000000>;
L_0x5eb36b63a7c0 .functor BUFZ 5, v0x5eb36b627780_0, C4<00000>, C4<00000>, C4<00000>;
L_0x5eb36b63a8d0 .functor BUFZ 32, v0x5eb36b6256a0_0, C4<00000000000000000000000000000000>, C4<00000000000000000000000000000000>, C4<00000000000000000000000000000000>;
L_0x5eb36b63aae0 .functor BUFZ 32, v0x5eb36b625d40_0, C4<00000000000000000000000000000000>, C4<00000000000000000000000000000000>, C4<00000000000000000000000000000000>;
L_0x5eb36b63b080 .functor BUFZ 3, v0x5eb36b624f40_0, C4<000>, C4<000>, C4<000>;
L_0x5eb36b63b210 .functor BUFZ 1, v0x5eb36b623240_0, C4<0>, C4<0>, C4<0>;
L_0x5eb36b63b3f0 .functor BUFZ 2, v0x5eb36b61b2d0_0, C4<00>, C4<00>, C4<00>;
L_0x5eb36b63b460 .functor BUFZ 1, v0x5eb36b622800_0, C4<0>, C4<0>, C4<0>;
L_0x5eb36b63b380 .functor AND 1, v0x5eb36b621b60_0, v0x5eb36b622070_0, C4<1>, C4<1>;
L_0x5eb36b63b640 .functor BUFZ 5, v0x5eb36b626af0_0, C4<00000>, C4<00000>, C4<00000>;
L_0x5eb36b63b790 .functor BUFZ 5, v0x5eb36b626cb0_0, C4<00000>, C4<00000>, C4<00000>;
L_0x5eb36b63b850 .functor BUFZ 1, v0x5eb36b623240_0, C4<0>, C4<0>, C4<0>;
L_0x5eb36b63ba00 .functor BUFZ 1, v0x5eb36b6231a0_0, C4<0>, C4<0>, C4<0>;
L_0x5eb36b63bac0 .functor BUFZ 5, v0x5eb36b627780_0, C4<00000>, C4<00000>, C4<00000>;
L_0x5eb36b63bc80 .functor BUFZ 5, v0x5eb36b6275b0_0, C4<00000>, C4<00000>, C4<00000>;
L_0x5eb36b63d180 .functor BUFZ 5, L_0x5eb36b628530, C4<00000>, C4<00000>, C4<00000>;
L_0x5eb36b63d2c0 .functor BUFZ 5, L_0x5eb36b6285d0, C4<00000>, C4<00000>, C4<00000>;
L_0x5eb36b63d380 .functor BUFZ 1, L_0x5eb36b63b380, C4<0>, C4<0>, C4<0>;
v0x5eb36b621d10_0 .net "ALUSrc", 0 0, v0x5eb36b619210_0;  1 drivers
v0x5eb36b621e20_0 .var "ALUSrc_e", 0 0;
v0x5eb36b621ee0_0 .net "ALUSrc_for_mux", 0 0, v0x5eb36b621e20_0;  1 drivers
v0x5eb36b621f80_0 .net "Branch", 0 0, v0x5eb36b61af70_0;  1 drivers
v0x5eb36b622070_0 .var "Branch_e", 0 0;
v0x5eb36b622180_0 .net "Data_1", 31 0, L_0x5eb36b63c0b0;  1 drivers
v0x5eb36b622240_0 .net "Data_2", 31 0, L_0x5eb36b639ce0;  1 drivers
v0x5eb36b6222e0_0 .net "FlushD", 0 0, L_0x5eb36b63cee0;  1 drivers
v0x5eb36b622380_0 .net "FlushE", 0 0, L_0x5eb36b63ce20;  1 drivers
v0x5eb36b622450_0 .net "ForwardAE", 1 0, v0x5eb36b619670_0;  1 drivers
v0x5eb36b622520_0 .net "ForwardBE", 1 0, v0x5eb36b619730_0;  1 drivers
v0x5eb36b6225f0_0 .net "Imm_ext", 31 0, L_0x5eb36b63a8d0;  1 drivers
v0x5eb36b6226c0_0 .net "Memwrite", 0 0, v0x5eb36b61b040_0;  1 drivers
v0x5eb36b622760_0 .var "Memwrite_e", 0 0;
v0x5eb36b622800_0 .var "Memwrite_m", 0 0;
v0x5eb36b6228a0_0 .net "Next_Pc", 31 0, v0x5eb36b6254d0_0;  1 drivers
v0x5eb36b622940_0 .var "Pc", 31 0;
v0x5eb36b622b10_0 .net "Pc_plus_4", 31 0, L_0x5eb36b606470;  1 drivers
v0x5eb36b622c00_0 .net "Pc_src", 0 0, L_0x5eb36b63b380;  1 drivers
v0x5eb36b622cd0_0 .net "Pc_src_E", 0 0, L_0x5eb36b63d380;  1 drivers
v0x5eb36b622da0_0 .net "Pc_target", 31 0, L_0x5eb36b63a830;  1 drivers
v0x5eb36b622e70_0 .net "RegWrite_status_from_mem", 0 0, L_0x5eb36b63ba00;  1 drivers
v0x5eb36b622f40_0 .net "RegWrite_status_from_wb", 0 0, L_0x5eb36b63b850;  1 drivers
v0x5eb36b623010_0 .net "Reg_write", 0 0, v0x5eb36b61b100_0;  1 drivers
v0x5eb36b623100_0 .var "Reg_write_e", 0 0;
v0x5eb36b6231a0_0 .var "Reg_write_m", 0 0;
v0x5eb36b623240_0 .var "Reg_write_w", 0 0;
v0x5eb36b6232e0_0 .net "Result_src", 0 0, v0x5eb36b61b210_0;  1 drivers
v0x5eb36b6233d0_0 .var "Result_src_e", 0 0;
v0x5eb36b623470_0 .net "Result_src_from_exe", 0 0, v0x5eb36b6233d0_0;  1 drivers
v0x5eb36b623510_0 .var "Result_src_m", 0 0;
v0x5eb36b6235b0_0 .var "Result_src_w", 0 0;
v0x5eb36b623650_0 .net "Rs1D", 4 0, L_0x5eb36b63d180;  1 drivers
v0x5eb36b623920_0 .net "Rs1E", 4 0, L_0x5eb36b63b640;  1 drivers
v0x5eb36b6239f0_0 .net "Rs2D", 4 0, L_0x5eb36b63d2c0;  1 drivers
v0x5eb36b623ac0_0 .net "Rs2E", 4 0, L_0x5eb36b63b790;  1 drivers
v0x5eb36b623b90_0 .net "Source_of_result", 0 0, v0x5eb36b6235b0_0;  1 drivers
v0x5eb36b623c30_0 .net "StallD", 0 0, L_0x5eb36b63cd60;  1 drivers
v0x5eb36b623d00_0 .net "StallF", 0 0, L_0x5eb36b63cca0;  1 drivers
v0x5eb36b623dd0_0 .net *"_ivl_10", 31 0, L_0x5eb36b639a70;  1 drivers
L_0x723f8fe6e2a0 .functor BUFT 1, C4<0000000000000000000000000000000>, C4<0>, C4<0>, C4<0>;
v0x5eb36b623e70_0 .net *"_ivl_13", 30 0, L_0x723f8fe6e2a0;  1 drivers
L_0x723f8fe6e2e8 .functor BUFT 1, C4<00000000000000000000000000000001>, C4<0>, C4<0>, C4<0>;
v0x5eb36b623f50_0 .net/2u *"_ivl_14", 31 0, L_0x723f8fe6e2e8;  1 drivers
v0x5eb36b624030_0 .net *"_ivl_16", 0 0, L_0x5eb36b639b60;  1 drivers
v0x5eb36b6240f0_0 .net *"_ivl_22", 31 0, L_0x5eb36b63a110;  1 drivers
L_0x723f8fe6e330 .functor BUFT 1, C4<0000000000000000000000000000000>, C4<0>, C4<0>, C4<0>;
v0x5eb36b6241d0_0 .net *"_ivl_25", 30 0, L_0x723f8fe6e330;  1 drivers
L_0x723f8fe6e378 .functor BUFT 1, C4<00000000000000000000000000000001>, C4<0>, C4<0>, C4<0>;
v0x5eb36b6242b0_0 .net/2u *"_ivl_26", 31 0, L_0x723f8fe6e378;  1 drivers
v0x5eb36b624390_0 .net *"_ivl_28", 0 0, L_0x5eb36b63a250;  1 drivers
L_0x723f8fe6e3c0 .functor BUFT 1, C4<10>, C4<0>, C4<0>, C4<0>;
v0x5eb36b624450_0 .net/2u *"_ivl_72", 1 0, L_0x723f8fe6e3c0;  1 drivers
v0x5eb36b624530_0 .net *"_ivl_74", 0 0, L_0x5eb36b63b960;  1 drivers
L_0x723f8fe6e408 .functor BUFT 1, C4<01>, C4<0>, C4<0>, C4<0>;
v0x5eb36b6245f0_0 .net/2u *"_ivl_76", 1 0, L_0x723f8fe6e408;  1 drivers
v0x5eb36b6246d0_0 .net *"_ivl_78", 0 0, L_0x5eb36b63be50;  1 drivers
v0x5eb36b624790_0 .net *"_ivl_80", 31 0, L_0x5eb36b63bf40;  1 drivers
L_0x723f8fe6e450 .functor BUFT 1, C4<10>, C4<0>, C4<0>, C4<0>;
v0x5eb36b624870_0 .net/2u *"_ivl_84", 1 0, L_0x723f8fe6e450;  1 drivers
v0x5eb36b624950_0 .net *"_ivl_86", 0 0, L_0x5eb36b63c290;  1 drivers
L_0x723f8fe6e498 .functor BUFT 1, C4<01>, C4<0>, C4<0>, C4<0>;
v0x5eb36b624a10_0 .net/2u *"_ivl_88", 1 0, L_0x723f8fe6e498;  1 drivers
v0x5eb36b624af0_0 .net *"_ivl_90", 0 0, L_0x5eb36b63c460;  1 drivers
v0x5eb36b624bb0_0 .net *"_ivl_92", 31 0, L_0x5eb36b63c550;  1 drivers
v0x5eb36b624c90_0 .net "address", 31 0, L_0x5eb36b63a0a0;  1 drivers
v0x5eb36b624d80_0 .net "address_in_pc", 31 0, v0x5eb36b622940_0;  1 drivers
v0x5eb36b624e50_0 .net "alu_control", 2 0, v0x5eb36b61b8b0_0;  1 drivers
v0x5eb36b624f40_0 .var "alu_control_e", 2 0;
v0x5eb36b625020_0 .net "alu_result", 31 0, v0x5eb36b621990_0;  1 drivers
v0x5eb36b6250e0_0 .var "alu_result_reg_1", 31 0;
v0x5eb36b6251a0_0 .var "alu_result_reg_2", 31 0;
o0x723f8feb70a8 .functor BUFZ 1, C4<z>; HiZ drive
v0x5eb36b625280_0 .net "clk", 0 0, o0x723f8feb70a8;  0 drivers
v0x5eb36b625320_0 .net "control_info", 2 0, L_0x5eb36b63b080;  1 drivers
v0x5eb36b625410_0 .var "current_pc_decode", 31 0;
v0x5eb36b6254d0_0 .var "current_pc_exe", 31 0;
v0x5eb36b6255b0_0 .net "extended_data", 31 0, v0x5eb36b61e070_0;  1 drivers
v0x5eb36b6256a0_0 .var "extended_data_reg", 31 0;
v0x5eb36b625760_0 .net "func3", 2 0, L_0x5eb36b63ace0;  1 drivers
v0x5eb36b625870_0 .net "func7", 0 0, L_0x5eb36b63ae10;  1 drivers
v0x5eb36b625960_0 .net "imm_cntrl", 1 0, L_0x5eb36b63b3f0;  1 drivers
v0x5eb36b625a20_0 .net "imm_src", 1 0, v0x5eb36b61b2d0_0;  1 drivers
v0x5eb36b625b10_0 .net "immediate_data", 24 0, L_0x5eb36b628300;  1 drivers
v0x5eb36b625bd0_0 .net "instruction", 31 0, L_0x5eb36b63aae0;  1 drivers
v0x5eb36b625c70_0 .net "instruction_out", 31 0, L_0x5eb36b5dec90;  1 drivers
v0x5eb36b625d40_0 .var "instruction_out_reg", 31 0;
v0x5eb36b625e00_0 .net "intermediate_data2", 31 0, L_0x5eb36b63c6e0;  1 drivers
v0x5eb36b625ee0_0 .net "invalid_instruction", 0 0, v0x5eb36b61bb20_0;  1 drivers
v0x5eb36b625fd0_0 .net "invalid_instruction_cntrl", 0 0, v0x5eb36b61b3b0_0;  1 drivers
v0x5eb36b6260c0_0 .var "invalid_instruction_e", 0 0;
v0x5eb36b626180_0 .var "invalid_instruction_m", 0 0;
v0x5eb36b626240_0 .var "invalid_instruction_w", 0 0;
v0x5eb36b626300_0 .net "lwStall", 0 0, L_0x5eb36b63cb40;  1 drivers
v0x5eb36b6263a0_0 .var "probe_alu_out", 31 0;
v0x5eb36b626460_0 .var "probe_pc", 31 0;
v0x5eb36b626540_0 .var "probe_reg_write", 0 0;
v0x5eb36b626600_0 .var "probe_wb_data", 31 0;
v0x5eb36b6266e0_0 .net "rd1", 31 0, L_0x5eb36b638e90;  1 drivers
v0x5eb36b6267a0_0 .var "rd1_reg", 31 0;
v0x5eb36b626860_0 .net "rd2", 31 0, L_0x5eb36b639810;  1 drivers
v0x5eb36b626950_0 .var "rd2_reg", 31 0;
v0x5eb36b626a10_0 .net "read_address_1_D", 4 0, L_0x5eb36b628530;  1 drivers
v0x5eb36b626af0_0 .var "read_address_1_reg_e", 4 0;
v0x5eb36b626bd0_0 .net "read_address_2_D", 4 0, L_0x5eb36b6285d0;  1 drivers
v0x5eb36b626cb0_0 .var "read_address_2_reg_e", 4 0;
v0x5eb36b626d90_0 .net "read_data", 31 0, L_0x5eb36b6395d0;  1 drivers
v0x5eb36b626e80_0 .var "read_data_reg", 31 0;
v0x5eb36b626f40_0 .net "read_reg1_address", 4 0, L_0x5eb36b6283f0;  1 drivers
v0x5eb36b627030_0 .net "read_reg2_address", 4 0, L_0x5eb36b63a620;  1 drivers
o0x723f8feb7108 .functor BUFZ 1, C4<z>; HiZ drive
v0x5eb36b627100_0 .net "reset", 0 0, o0x723f8feb7108;  0 drivers
v0x5eb36b6271a0_0 .net "wd", 31 0, L_0x5eb36b63a390;  1 drivers
v0x5eb36b627270_0 .net "write_address", 4 0, L_0x5eb36b63a520;  1 drivers
v0x5eb36b627340_0 .var "write_address_e", 4 0;
v0x5eb36b627400_0 .net "write_address_exe", 4 0, v0x5eb36b627340_0;  1 drivers
v0x5eb36b6274f0_0 .net "write_address_feedback", 4 0, L_0x5eb36b63a7c0;  1 drivers
v0x5eb36b6275b0_0 .var "write_address_m", 4 0;
v0x5eb36b627690_0 .net "write_address_mem", 4 0, L_0x5eb36b63bc80;  1 drivers
v0x5eb36b627780_0 .var "write_address_w", 4 0;
v0x5eb36b627840_0 .net "write_address_write", 4 0, L_0x5eb36b63bac0;  1 drivers
v0x5eb36b627930_0 .net "write_data", 31 0, L_0x5eb36b63a750;  1 drivers
v0x5eb36b627a00_0 .net "write_data_enable", 0 0, L_0x5eb36b63b210;  1 drivers
v0x5eb36b627ad0_0 .var "write_data_reg", 31 0;
v0x5eb36b627b70_0 .net "write_enable", 0 0, L_0x5eb36b63b460;  1 drivers
v0x5eb36b627c40_0 .net "zero_value_flag", 0 0, v0x5eb36b621b60_0;  1 drivers
L_0x5eb36b628300 .part v0x5eb36b625d40_0, 7, 25;
L_0x5eb36b6283f0 .part v0x5eb36b625d40_0, 15, 5;
L_0x5eb36b628530 .part v0x5eb36b625d40_0, 15, 5;
L_0x5eb36b6285d0 .part v0x5eb36b625d40_0, 20, 5;
L_0x5eb36b639a70 .concat [ 1 31 0 0], v0x5eb36b621e20_0, L_0x723f8fe6e2a0;
L_0x5eb36b639b60 .cmp/eq 32, L_0x5eb36b639a70, L_0x723f8fe6e2e8;
L_0x5eb36b639ce0 .functor MUXZ 32, L_0x5eb36b63c6e0, v0x5eb36b6256a0_0, L_0x5eb36b639b60, C4<>;
L_0x5eb36b63a110 .concat [ 1 31 0 0], v0x5eb36b6235b0_0, L_0x723f8fe6e330;
L_0x5eb36b63a250 .cmp/eeq 32, L_0x5eb36b63a110, L_0x723f8fe6e378;
L_0x5eb36b63a390 .functor MUXZ 32, v0x5eb36b6251a0_0, v0x5eb36b626e80_0, L_0x5eb36b63a250, C4<>;
L_0x5eb36b63a620 .part v0x5eb36b625d40_0, 20, 5;
L_0x5eb36b63b960 .cmp/eq 2, v0x5eb36b619670_0, L_0x723f8fe6e3c0;
L_0x5eb36b63be50 .cmp/eq 2, v0x5eb36b619670_0, L_0x723f8fe6e408;
L_0x5eb36b63bf40 .functor MUXZ 32, v0x5eb36b6267a0_0, L_0x5eb36b63a390, L_0x5eb36b63be50, C4<>;
L_0x5eb36b63c0b0 .functor MUXZ 32, L_0x5eb36b63bf40, v0x5eb36b6250e0_0, L_0x5eb36b63b960, C4<>;
L_0x5eb36b63c290 .cmp/eq 2, v0x5eb36b619730_0, L_0x723f8fe6e450;
L_0x5eb36b63c460 .cmp/eq 2, v0x5eb36b619730_0, L_0x723f8fe6e498;
L_0x5eb36b63c550 .functor MUXZ 32, v0x5eb36b626950_0, L_0x5eb36b63a390, L_0x5eb36b63c460, C4<>;
L_0x5eb36b63c6e0 .functor MUXZ 32, L_0x5eb36b63c550, v0x5eb36b6250e0_0, L_0x5eb36b63c290, C4<>;
S_0x5eb36b5f3a90 .scope module, "data_dut" "data_memory" 3 211, 4 1 0, S_0x5eb36b5f3720;
 .timescale 0 0;
    .port_info 0 /INPUT 1 "clk";
    .port_info 1 /INPUT 1 "reset";
    .port_info 2 /INPUT 1 "write_enable";
    .port_info 3 /INPUT 32 "write_data";
    .port_info 4 /INPUT 32 "address";
    .port_info 5 /OUTPUT 32 "read_data";
P_0x5eb36b603eb0 .param/l "DATA_WIDTH" 0 4 1, +C4<00000000000000000000000000100000>;
P_0x5eb36b603ef0 .param/l "DEPTH" 0 4 2, +C4<00000000000000000000000000000010>;
L_0x5eb36b6395d0 .functor BUFZ 32, L_0x5eb36b639e20, C4<00000000000000000000000000000000>, C4<00000000000000000000000000000000>, C4<00000000000000000000000000000000>;
v0x5eb36b606590_0 .net *"_ivl_0", 31 0, L_0x5eb36b639e20;  1 drivers
v0x5eb36b6072e0_0 .net *"_ivl_3", 9 0, L_0x5eb36b639ec0;  1 drivers
v0x5eb36b5dedb0_0 .net "address", 31 0, L_0x5eb36b63a0a0;  alias, 1 drivers
v0x5eb36b5d4190_0 .net "clk", 0 0, o0x723f8feb70a8;  alias, 0 drivers
v0x5eb36b52fd20 .array "data_register", 0 1, 31 0;
v0x5eb36b618cc0_0 .net "read_data", 31 0, L_0x5eb36b6395d0;  alias, 1 drivers
v0x5eb36b618da0_0 .net "reset", 0 0, o0x723f8feb7108;  alias, 0 drivers
v0x5eb36b618e60_0 .net "write_data", 31 0, L_0x5eb36b63a750;  alias, 1 drivers
v0x5eb36b618f40_0 .net "write_enable", 0 0, L_0x5eb36b63b460;  alias, 1 drivers
E_0x5eb36b5876b0 .event posedge, v0x5eb36b5d4190_0;
L_0x5eb36b639e20 .array/port v0x5eb36b52fd20, L_0x5eb36b639ec0;
L_0x5eb36b639ec0 .part L_0x5eb36b63a0a0, 0, 10;
S_0x5eb36b5f3e60 .scope module, "dexter" "Hazard_Unit" 3 350, 5 1 0, S_0x5eb36b5f3720;
 .timescale 0 0;
    .port_info 0 /INPUT 1 "RegWrite_status_from_wb";
    .port_info 1 /INPUT 1 "RegWrite_status_from_mem";
    .port_info 2 /INPUT 5 "Rs1E";
    .port_info 3 /INPUT 5 "Rs2E";
    .port_info 4 /INPUT 5 "write_address_mem";
    .port_info 5 /INPUT 5 "write_address_write";
    .port_info 6 /INPUT 5 "Rs1D";
    .port_info 7 /INPUT 5 "Rs2D";
    .port_info 8 /INPUT 1 "Result_src_from_exe";
    .port_info 9 /INPUT 5 "write_address_exe";
    .port_info 10 /INPUT 1 "Pc_src_E";
    .port_info 11 /OUTPUT 2 "ForwardAE";
    .port_info 12 /OUTPUT 2 "ForwardBE";
    .port_info 13 /OUTPUT 1 "lwStall";
    .port_info 14 /OUTPUT 1 "StallF";
    .port_info 15 /OUTPUT 1 "StallD";
    .port_info 16 /OUTPUT 1 "FlushE";
    .port_info 17 /OUTPUT 1 "FlushD";
P_0x5eb36b5faa50 .param/l "DATA_WIDTH" 0 5 1, +C4<00000000000000000000000000100000>;
P_0x5eb36b5faa90 .param/l "reg_add_size" 0 5 2, +C4<00000000000000000000000000000101>;
L_0x5eb36b63bde0 .functor OR 1, L_0x5eb36b63c870, L_0x5eb36b63c9b0, C4<0>, C4<0>;
L_0x5eb36b63cb40 .functor AND 1, v0x5eb36b6233d0_0, L_0x5eb36b63bde0, C4<1>, C4<1>;
L_0x5eb36b63cca0 .functor BUFZ 1, L_0x5eb36b63cb40, C4<0>, C4<0>, C4<0>;
L_0x5eb36b63cd60 .functor BUFZ 1, L_0x5eb36b63cb40, C4<0>, C4<0>, C4<0>;
L_0x5eb36b63ce20 .functor OR 1, L_0x5eb36b63cb40, L_0x5eb36b63d380, C4<0>, C4<0>;
L_0x5eb36b63cee0 .functor BUFZ 1, L_0x5eb36b63d380, C4<0>, C4<0>, C4<0>;
v0x5eb36b6194d0_0 .net "FlushD", 0 0, L_0x5eb36b63cee0;  alias, 1 drivers
v0x5eb36b6195b0_0 .net "FlushE", 0 0, L_0x5eb36b63ce20;  alias, 1 drivers
v0x5eb36b619670_0 .var "ForwardAE", 1 0;
v0x5eb36b619730_0 .var "ForwardBE", 1 0;
v0x5eb36b619810_0 .net "Pc_src_E", 0 0, L_0x5eb36b63d380;  alias, 1 drivers
v0x5eb36b619920_0 .net "RegWrite_status_from_mem", 0 0, L_0x5eb36b63ba00;  alias, 1 drivers
v0x5eb36b6199e0_0 .net "RegWrite_status_from_wb", 0 0, L_0x5eb36b63b850;  alias, 1 drivers
v0x5eb36b619aa0_0 .net "Result_src_from_exe", 0 0, v0x5eb36b6233d0_0;  alias, 1 drivers
v0x5eb36b619b60_0 .net "Rs1D", 4 0, L_0x5eb36b63d180;  alias, 1 drivers
v0x5eb36b619c40_0 .net "Rs1E", 4 0, L_0x5eb36b63b640;  alias, 1 drivers
v0x5eb36b619d20_0 .net "Rs2D", 4 0, L_0x5eb36b63d2c0;  alias, 1 drivers
v0x5eb36b619e00_0 .net "Rs2E", 4 0, L_0x5eb36b63b790;  alias, 1 drivers
v0x5eb36b619ee0_0 .net "StallD", 0 0, L_0x5eb36b63cd60;  alias, 1 drivers
v0x5eb36b619fa0_0 .net "StallF", 0 0, L_0x5eb36b63cca0;  alias, 1 drivers
v0x5eb36b61a060_0 .net *"_ivl_0", 0 0, L_0x5eb36b63c870;  1 drivers
v0x5eb36b61a120_0 .net *"_ivl_2", 0 0, L_0x5eb36b63c9b0;  1 drivers
v0x5eb36b61a1e0_0 .net *"_ivl_5", 0 0, L_0x5eb36b63bde0;  1 drivers
v0x5eb36b61a3b0_0 .net "lwStall", 0 0, L_0x5eb36b63cb40;  alias, 1 drivers
v0x5eb36b61a470_0 .net "write_address_exe", 4 0, v0x5eb36b627340_0;  alias, 1 drivers
v0x5eb36b61a550_0 .net "write_address_mem", 4 0, L_0x5eb36b63bc80;  alias, 1 drivers
v0x5eb36b61a630_0 .net "write_address_write", 4 0, L_0x5eb36b63bac0;  alias, 1 drivers
E_0x5eb36b587140/0 .event anyedge, v0x5eb36b619e00_0, v0x5eb36b61a550_0, v0x5eb36b619920_0, v0x5eb36b61a630_0;
E_0x5eb36b587140/1 .event anyedge, v0x5eb36b6199e0_0;
E_0x5eb36b587140 .event/or E_0x5eb36b587140/0, E_0x5eb36b587140/1;
E_0x5eb36b606d30/0 .event anyedge, v0x5eb36b619c40_0, v0x5eb36b61a550_0, v0x5eb36b619920_0, v0x5eb36b61a630_0;
E_0x5eb36b606d30/1 .event anyedge, v0x5eb36b6199e0_0;
E_0x5eb36b606d30 .event/or E_0x5eb36b606d30/0, E_0x5eb36b606d30/1;
L_0x5eb36b63c870 .cmp/eq 5, L_0x5eb36b63d180, v0x5eb36b627340_0;
L_0x5eb36b63c9b0 .cmp/eq 5, L_0x5eb36b63d2c0, v0x5eb36b627340_0;
S_0x5eb36b5f4650 .scope module, "durtet" "control_wrapper" 3 318, 6 1 0, S_0x5eb36b5f3720;
 .timescale 0 0;
    .port_info 0 /INPUT 32 "instruction";
    .port_info 1 /OUTPUT 3 "func3";
    .port_info 2 /OUTPUT 1 "func7";
    .port_info 3 /OUTPUT 1 "invalid_instruction_cntrl";
    .port_info 4 /OUTPUT 1 "Result_src";
    .port_info 5 /OUTPUT 1 "Memwrite";
    .port_info 6 /OUTPUT 1 "ALUSrc";
    .port_info 7 /OUTPUT 2 "imm_src";
    .port_info 8 /OUTPUT 1 "Reg_write";
    .port_info 9 /OUTPUT 1 "Branch";
    .port_info 10 /OUTPUT 3 "alu_control";
    .port_info 11 /OUTPUT 1 "invalid_instruction";
P_0x5eb36b61a9f0 .param/l "DATA_WIDTH" 0 6 1, +C4<00000000000000000000000000100000>;
v0x5eb36b61bed0_0 .net "ALUSrc", 0 0, v0x5eb36b619210_0;  alias, 1 drivers
v0x5eb36b61bf90_0 .net "ALU_operation", 1 0, v0x5eb36b61ae90_0;  1 drivers
v0x5eb36b61c080_0 .net "Branch", 0 0, v0x5eb36b61af70_0;  alias, 1 drivers
v0x5eb36b61c150_0 .net "Memwrite", 0 0, v0x5eb36b61b040_0;  alias, 1 drivers
v0x5eb36b61c220_0 .net "Reg_write", 0 0, v0x5eb36b61b100_0;  alias, 1 drivers
v0x5eb36b61c310_0 .net "Result_src", 0 0, v0x5eb36b61b210_0;  alias, 1 drivers
v0x5eb36b61c3e0_0 .net "alu_control", 2 0, v0x5eb36b61b8b0_0;  alias, 1 drivers
v0x5eb36b61c4b0_0 .net "func3", 2 0, L_0x5eb36b63ace0;  alias, 1 drivers
v0x5eb36b61c580_0 .net "func7", 0 0, L_0x5eb36b63ae10;  alias, 1 drivers
v0x5eb36b61c6e0_0 .net "imm_src", 1 0, v0x5eb36b61b2d0_0;  alias, 1 drivers
v0x5eb36b61c7b0_0 .net "instruction", 31 0, L_0x5eb36b63aae0;  alias, 1 drivers
v0x5eb36b61c850_0 .net "invalid_instruction", 0 0, v0x5eb36b61bb20_0;  alias, 1 drivers
v0x5eb36b61c920_0 .net "invalid_instruction_cntrl", 0 0, v0x5eb36b61b3b0_0;  alias, 1 drivers
v0x5eb36b61c9f0_0 .net "op_5", 0 0, L_0x5eb36b63aeb0;  1 drivers
v0x5eb36b61cac0_0 .net "op_code", 6 0, L_0x5eb36b63abf0;  1 drivers
L_0x5eb36b63abf0 .part L_0x5eb36b63aae0, 0, 7;
L_0x5eb36b63ace0 .part L_0x5eb36b63aae0, 12, 3;
L_0x5eb36b63ae10 .part L_0x5eb36b63aae0, 30, 1;
L_0x5eb36b63aeb0 .part L_0x5eb36b63aae0, 5, 1;
S_0x5eb36b5f4a80 .scope module, "dut" "control_decoder" 6 25, 7 6 0, S_0x5eb36b5f4650;
 .timescale 0 0;
    .port_info 0 /INPUT 7 "op_code";
    .port_info 1 /OUTPUT 1 "invalid_instruction_cntrl";
    .port_info 2 /OUTPUT 1 "Result_src";
    .port_info 3 /OUTPUT 1 "Memwrite";
    .port_info 4 /OUTPUT 1 "ALUSrc";
    .port_info 5 /OUTPUT 2 "imm_src";
    .port_info 6 /OUTPUT 1 "Reg_write";
    .port_info 7 /OUTPUT 1 "Branch";
    .port_info 8 /OUTPUT 2 "ALU_operation";
P_0x5eb36b61ac10 .param/l "DATA_WIDTH" 0 7 6, +C4<00000000000000000000000000100000>;
v0x5eb36b619210_0 .var "ALUSrc", 0 0;
v0x5eb36b61ae90_0 .var "ALU_operation", 1 0;
v0x5eb36b61af70_0 .var "Branch", 0 0;
v0x5eb36b61b040_0 .var "Memwrite", 0 0;
v0x5eb36b61b100_0 .var "Reg_write", 0 0;
v0x5eb36b61b210_0 .var "Result_src", 0 0;
v0x5eb36b61b2d0_0 .var "imm_src", 1 0;
v0x5eb36b61b3b0_0 .var "invalid_instruction_cntrl", 0 0;
v0x5eb36b61b470_0 .net "op_code", 6 0, L_0x5eb36b63abf0;  alias, 1 drivers
E_0x5eb36b605de0 .event anyedge, v0x5eb36b61b470_0;
S_0x5eb36b5f4e50 .scope module, "dutt" "alu_decoder" 6 26, 8 1 0, S_0x5eb36b5f4650;
 .timescale 0 0;
    .port_info 0 /INPUT 3 "func3";
    .port_info 1 /INPUT 2 "ALU_operation";
    .port_info 2 /INPUT 1 "func7";
    .port_info 3 /INPUT 1 "op_5";
    .port_info 4 /OUTPUT 3 "alu_control";
    .port_info 5 /OUTPUT 1 "invalid_instruction";
v0x5eb36b61b7d0_0 .net "ALU_operation", 1 0, v0x5eb36b61ae90_0;  alias, 1 drivers
v0x5eb36b61b8b0_0 .var "alu_control", 2 0;
v0x5eb36b61b970_0 .net "func3", 2 0, L_0x5eb36b63ace0;  alias, 1 drivers
v0x5eb36b61ba60_0 .net "func7", 0 0, L_0x5eb36b63ae10;  alias, 1 drivers
v0x5eb36b61bb20_0 .var "invalid_instruction", 0 0;
v0x5eb36b61bc30_0 .net "net_func", 1 0, L_0x5eb36b63af50;  1 drivers
v0x5eb36b61bd10_0 .net "op_5", 0 0, L_0x5eb36b63aeb0;  alias, 1 drivers
E_0x5eb36b61b770 .event anyedge, v0x5eb36b61ae90_0, v0x5eb36b61b970_0, v0x5eb36b61bc30_0;
L_0x5eb36b63af50 .concat [ 1 1 0 0], L_0x5eb36b63ae10, L_0x5eb36b63aeb0;
S_0x5eb36b5f5280 .scope module, "dut" "Program_counter" 3 27, 9 1 0, S_0x5eb36b5f3720;
 .timescale 0 0;
    .port_info 0 /INPUT 1 "clk";
    .port_info 1 /INPUT 1 "reset";
    .port_info 2 /INPUT 1 "Pc_src";
    .port_info 3 /OUTPUT 32 "Pc_plus_4";
P_0x5eb36b61cc30 .param/l "DATA_WIDTH" 0 9 1, +C4<00000000000000000000000000100000>;
L_0x5eb36b606470 .functor BUFZ 32, v0x5eb36b61d080_0, C4<00000000000000000000000000000000>, C4<00000000000000000000000000000000>, C4<00000000000000000000000000000000>;
v0x5eb36b61cdc0_0 .net "Pc_plus_4", 31 0, L_0x5eb36b606470;  alias, 1 drivers
v0x5eb36b61cec0_0 .net "Pc_src", 0 0, L_0x5eb36b63b380;  alias, 1 drivers
v0x5eb36b61cf80_0 .net "clk", 0 0, o0x723f8feb70a8;  alias, 0 drivers
v0x5eb36b61d080_0 .var "internalpc", 31 0;
v0x5eb36b61d120_0 .net "reset", 0 0, o0x723f8feb7108;  alias, 0 drivers
S_0x5eb36b61d2a0 .scope module, "dutt" "instruction_memory" 3 88, 10 9 0, S_0x5eb36b5f3720;
 .timescale 0 0;
    .port_info 0 /INPUT 32 "address_in_pc";
    .port_info 1 /OUTPUT 32 "instruction_out";
P_0x5eb36b61d4d0 .param/l "ADDR_WIDTH" 0 10 11, +C4<00000000000000000000000000100000>;
P_0x5eb36b61d510 .param/l "DATA_WIDTH" 0 10 10, +C4<00000000000000000000000000100000>;
P_0x5eb36b61d550 .param/l "number_of_elements" 0 10 12, +C4<00000000000000000000011111010000>;
L_0x5eb36b5dec90 .functor BUFZ 32, L_0x5eb36b627eb0, C4<00000000000000000000000000000000>, C4<00000000000000000000000000000000>, C4<00000000000000000000000000000000>;
v0x5eb36b61d6e0_0 .net *"_ivl_0", 31 0, L_0x5eb36b627eb0;  1 drivers
v0x5eb36b61d7e0_0 .net *"_ivl_2", 31 0, L_0x5eb36b6280d0;  1 drivers
v0x5eb36b61d8c0_0 .net *"_ivl_4", 29 0, L_0x5eb36b627fd0;  1 drivers
L_0x723f8fe6e018 .functor BUFT 1, C4<00>, C4<0>, C4<0>, C4<0>;
v0x5eb36b61d9b0_0 .net *"_ivl_6", 1 0, L_0x723f8fe6e018;  1 drivers
v0x5eb36b61da90_0 .net "address_in_pc", 31 0, v0x5eb36b622940_0;  alias, 1 drivers
v0x5eb36b61dbc0 .array "address_space", 1999 0, 31 0;
v0x5eb36b61dc80_0 .net "instruction_out", 31 0, L_0x5eb36b5dec90;  alias, 1 drivers
L_0x5eb36b627eb0 .array/port v0x5eb36b61dbc0, L_0x5eb36b6280d0;
L_0x5eb36b627fd0 .part v0x5eb36b622940_0, 2, 30;
L_0x5eb36b6280d0 .concat [ 30 2 0 0], L_0x5eb36b627fd0, L_0x723f8fe6e018;
S_0x5eb36b61ddc0 .scope module, "duttt" "sign_extender" 3 191, 11 1 0, S_0x5eb36b5f3720;
 .timescale 0 0;
    .port_info 0 /INPUT 25 "immediate_data";
    .port_info 1 /INPUT 2 "imm_cntrl";
    .port_info 2 /OUTPUT 32 "extended_data";
v0x5eb36b61e070_0 .var "extended_data", 31 0;
v0x5eb36b61e170_0 .net "imm_cntrl", 1 0, L_0x5eb36b63b3f0;  alias, 1 drivers
v0x5eb36b61e250_0 .net "immediate_data", 24 0, L_0x5eb36b628300;  alias, 1 drivers
v0x5eb36b61e310_0 .var "sign_bit", 0 0;
E_0x5eb36b61dff0 .event anyedge, v0x5eb36b61e170_0, v0x5eb36b61e250_0, v0x5eb36b61e310_0;
S_0x5eb36b61e450 .scope module, "dutttrt" "branch_alu" 3 298, 12 1 0, S_0x5eb36b5f3720;
 .timescale 0 0;
    .port_info 0 /INPUT 32 "Next_Pc";
    .port_info 1 /INPUT 32 "Imm_ext";
    .port_info 2 /OUTPUT 32 "Pc_target";
P_0x5eb36b61e630 .param/l "ADDR_WIDTH" 0 12 2, +C4<00000000000000000000000000100000>;
P_0x5eb36b61e670 .param/l "CONTROL_BITS" 0 12 3, +C4<00000000000000000000000000000011>;
P_0x5eb36b61e6b0 .param/l "DATA_WIDTH" 0 12 1, +C4<00000000000000000000000000100000>;
P_0x5eb36b61e6f0 .param/l "DEPTH" 0 12 7, +C4<00000000000000000000010000000000>;
P_0x5eb36b61e730 .param/l "number_of_elements" 0 12 4, +C4<00000000000000000000000000010100>;
P_0x5eb36b61e770 .param/l "reg_add_size" 0 12 6, +C4<00000000000000000000000000000101>;
P_0x5eb36b61e7b0 .param/l "total_num_reg" 0 12 5, +C4<00000000000000000000000000100000>;
v0x5eb36b61ebd0_0 .net "Imm_ext", 31 0, L_0x5eb36b63a8d0;  alias, 1 drivers
v0x5eb36b61ecd0_0 .net "Next_Pc", 31 0, v0x5eb36b6254d0_0;  alias, 1 drivers
v0x5eb36b61edb0_0 .net "Pc_target", 31 0, L_0x5eb36b63a830;  alias, 1 drivers
L_0x5eb36b63a830 .arith/sum 32, v0x5eb36b6254d0_0, L_0x5eb36b63a8d0;
S_0x5eb36b61ef20 .scope module, "dutttt" "Register_file" 3 190, 13 4 0, S_0x5eb36b5f3720;
 .timescale 0 0;
    .port_info 0 /INPUT 1 "clk";
    .port_info 1 /INPUT 1 "reset";
    .port_info 2 /INPUT 5 "read_reg1_address";
    .port_info 3 /INPUT 5 "read_reg2_address";
    .port_info 4 /INPUT 32 "wd";
    .port_info 5 /INPUT 1 "write_data_enable";
    .port_info 6 /INPUT 5 "write_address";
    .port_info 7 /OUTPUT 32 "rd1";
    .port_info 8 /OUTPUT 32 "rd2";
P_0x5eb36b61f100 .param/l "DATA_WIDTH" 0 13 4, +C4<00000000000000000000000000100000>;
P_0x5eb36b61f140 .param/l "reg_add_size" 0 13 6, +C4<00000000000000000000000000000101>;
P_0x5eb36b61f180 .param/l "total_num_reg" 0 13 5, +C4<00000000000000000000000000100000>;
L_0x5eb36b5d3ff0 .functor AND 1, L_0x5eb36b63b210, L_0x5eb36b638890, C4<1>, C4<1>;
L_0x5eb36b57f610 .functor AND 1, L_0x5eb36b63b210, L_0x5eb36b6392f0, C4<1>, C4<1>;
v0x5eb36b61f480_0 .net *"_ivl_0", 31 0, L_0x5eb36b6286a0;  1 drivers
v0x5eb36b61f560_0 .net *"_ivl_10", 0 0, L_0x5eb36b638890;  1 drivers
v0x5eb36b61f620_0 .net *"_ivl_13", 0 0, L_0x5eb36b5d3ff0;  1 drivers
v0x5eb36b61f6f0_0 .net *"_ivl_14", 31 0, L_0x5eb36b638a60;  1 drivers
v0x5eb36b61f7d0_0 .net *"_ivl_16", 6 0, L_0x5eb36b638b30;  1 drivers
L_0x723f8fe6e138 .functor BUFT 1, C4<00>, C4<0>, C4<0>, C4<0>;
v0x5eb36b61f900_0 .net *"_ivl_19", 1 0, L_0x723f8fe6e138;  1 drivers
v0x5eb36b61f9e0_0 .net *"_ivl_20", 31 0, L_0x5eb36b638cc0;  1 drivers
v0x5eb36b61fac0_0 .net *"_ivl_24", 31 0, L_0x5eb36b639070;  1 drivers
L_0x723f8fe6e180 .functor BUFT 1, C4<000000000000000000000000000>, C4<0>, C4<0>, C4<0>;
v0x5eb36b61fba0_0 .net *"_ivl_27", 26 0, L_0x723f8fe6e180;  1 drivers
L_0x723f8fe6e1c8 .functor BUFT 1, C4<00000000000000000000000000000000>, C4<0>, C4<0>, C4<0>;
v0x5eb36b61fc80_0 .net/2u *"_ivl_28", 31 0, L_0x723f8fe6e1c8;  1 drivers
L_0x723f8fe6e060 .functor BUFT 1, C4<000000000000000000000000000>, C4<0>, C4<0>, C4<0>;
v0x5eb36b61fd60_0 .net *"_ivl_3", 26 0, L_0x723f8fe6e060;  1 drivers
v0x5eb36b61fe40_0 .net *"_ivl_30", 0 0, L_0x5eb36b6391b0;  1 drivers
L_0x723f8fe6e210 .functor BUFT 1, C4<00000000000000000000000000000000>, C4<0>, C4<0>, C4<0>;
v0x5eb36b61ff00_0 .net/2u *"_ivl_32", 31 0, L_0x723f8fe6e210;  1 drivers
v0x5eb36b61ffe0_0 .net *"_ivl_34", 0 0, L_0x5eb36b6392f0;  1 drivers
v0x5eb36b6200a0_0 .net *"_ivl_37", 0 0, L_0x5eb36b57f610;  1 drivers
v0x5eb36b620160_0 .net *"_ivl_38", 31 0, L_0x5eb36b639440;  1 drivers
L_0x723f8fe6e0a8 .functor BUFT 1, C4<00000000000000000000000000000000>, C4<0>, C4<0>, C4<0>;
v0x5eb36b620240_0 .net/2u *"_ivl_4", 31 0, L_0x723f8fe6e0a8;  1 drivers
v0x5eb36b620430_0 .net *"_ivl_40", 6 0, L_0x5eb36b6394e0;  1 drivers
L_0x723f8fe6e258 .functor BUFT 1, C4<00>, C4<0>, C4<0>, C4<0>;
v0x5eb36b620510_0 .net *"_ivl_43", 1 0, L_0x723f8fe6e258;  1 drivers
v0x5eb36b6205f0_0 .net *"_ivl_44", 31 0, L_0x5eb36b639720;  1 drivers
v0x5eb36b6206d0_0 .net *"_ivl_6", 0 0, L_0x5eb36b638750;  1 drivers
L_0x723f8fe6e0f0 .functor BUFT 1, C4<00000000000000000000000000000000>, C4<0>, C4<0>, C4<0>;
v0x5eb36b620790_0 .net/2u *"_ivl_8", 31 0, L_0x723f8fe6e0f0;  1 drivers
v0x5eb36b620870_0 .net "clk", 0 0, o0x723f8feb70a8;  alias, 0 drivers
v0x5eb36b620910_0 .net "rd1", 31 0, L_0x5eb36b638e90;  alias, 1 drivers
v0x5eb36b6209f0_0 .net "rd2", 31 0, L_0x5eb36b639810;  alias, 1 drivers
v0x5eb36b620ad0_0 .net "read_reg1_address", 4 0, L_0x5eb36b6283f0;  alias, 1 drivers
v0x5eb36b620bb0_0 .net "read_reg2_address", 4 0, L_0x5eb36b63a620;  alias, 1 drivers
v0x5eb36b620c90 .array "register_file", 31 0, 31 0;
v0x5eb36b620d50_0 .net "reset", 0 0, o0x723f8feb7108;  alias, 0 drivers
v0x5eb36b620e40_0 .net "wd", 31 0, L_0x5eb36b63a390;  alias, 1 drivers
v0x5eb36b620f20_0 .net "write_address", 4 0, L_0x5eb36b63a520;  alias, 1 drivers
v0x5eb36b621000_0 .net "write_data_enable", 0 0, L_0x5eb36b63b210;  alias, 1 drivers
L_0x5eb36b6286a0 .concat [ 5 27 0 0], L_0x5eb36b6283f0, L_0x723f8fe6e060;
L_0x5eb36b638750 .cmp/eq 32, L_0x5eb36b6286a0, L_0x723f8fe6e0a8;
L_0x5eb36b638890 .cmp/eq 5, L_0x5eb36b63a520, L_0x5eb36b6283f0;
L_0x5eb36b638a60 .array/port v0x5eb36b620c90, L_0x5eb36b638b30;
L_0x5eb36b638b30 .concat [ 5 2 0 0], L_0x5eb36b6283f0, L_0x723f8fe6e138;
L_0x5eb36b638cc0 .functor MUXZ 32, L_0x5eb36b638a60, L_0x5eb36b63a390, L_0x5eb36b5d3ff0, C4<>;
L_0x5eb36b638e90 .functor MUXZ 32, L_0x5eb36b638cc0, L_0x723f8fe6e0f0, L_0x5eb36b638750, C4<>;
L_0x5eb36b639070 .concat [ 5 27 0 0], L_0x5eb36b6283f0, L_0x723f8fe6e180;
L_0x5eb36b6391b0 .cmp/eq 32, L_0x5eb36b639070, L_0x723f8fe6e1c8;
L_0x5eb36b6392f0 .cmp/eq 5, L_0x5eb36b63a520, L_0x5eb36b63a620;
L_0x5eb36b639440 .array/port v0x5eb36b620c90, L_0x5eb36b6394e0;
L_0x5eb36b6394e0 .concat [ 5 2 0 0], L_0x5eb36b63a620, L_0x723f8fe6e258;
L_0x5eb36b639720 .functor MUXZ 32, L_0x5eb36b639440, L_0x5eb36b63a390, L_0x5eb36b57f610, C4<>;
L_0x5eb36b639810 .functor MUXZ 32, L_0x5eb36b639720, L_0x723f8fe6e210, L_0x5eb36b6391b0, C4<>;
S_0x5eb36b621230 .scope module, "ins" "alu" 3 200, 14 1 0, S_0x5eb36b5f3720;
 .timescale 0 0;
    .port_info 0 /INPUT 32 "Data_1";
    .port_info 1 /INPUT 32 "Data_2";
    .port_info 2 /INPUT 3 "control_info";
    .port_info 3 /OUTPUT 32 "alu_result";
    .port_info 4 /OUTPUT 1 "zero_value_flag";
P_0x5eb36b6213c0 .param/l "CONTROL_BITS" 0 14 2, +C4<00000000000000000000000000000011>;
P_0x5eb36b621400 .param/l "DATA_WIDTH" 0 14 2, +C4<00000000000000000000000000100000>;
v0x5eb36b6217b0_0 .net "Data_1", 31 0, L_0x5eb36b63c0b0;  alias, 1 drivers
v0x5eb36b6218b0_0 .net "Data_2", 31 0, L_0x5eb36b639ce0;  alias, 1 drivers
v0x5eb36b621990_0 .var "alu_result", 31 0;
v0x5eb36b621a80_0 .net "control_info", 2 0, L_0x5eb36b63b080;  alias, 1 drivers
v0x5eb36b621b60_0 .var "zero_value_flag", 0 0;
E_0x5eb36b621580 .event anyedge, v0x5eb36b621a80_0, v0x5eb36b6217b0_0, v0x5eb36b6218b0_0;
S_0x5eb36b621600 .scope begin, "load_address_calculation" "load_address_calculation" 14 9, 14 9 0, S_0x5eb36b621230;
 .timescale 0 0;
    .scope S_0x5eb36b5f5280;
T_0 ;
    %wait E_0x5eb36b5876b0;
    %load/vec4 v0x5eb36b61d120_0;
    %nor/r;
    %flag_set/vec4 8;
    %jmp/0xz  T_0.0, 8;
    %pushi/vec4 0, 0, 32;
    %assign/vec4 v0x5eb36b61d080_0, 0;
    %jmp T_0.1;
T_0.0 ;
    %load/vec4 v0x5eb36b61d080_0;
    %addi 4, 0, 32;
    %assign/vec4 v0x5eb36b61d080_0, 0;
T_0.1 ;
    %jmp T_0;
    .thread T_0;
    .scope S_0x5eb36b61d2a0;
T_1 ;
    %vpi_call/w 10 16 "$readmemh", "sample_instruction.mem", v0x5eb36b61dbc0 {0 0 0};
    %end;
    .thread T_1;
    .scope S_0x5eb36b61ef20;
T_2 ;
    %vpi_call/w 13 21 "$readmemh", "register_file_initialisation.mem", v0x5eb36b620c90 {0 0 0};
    %end;
    .thread T_2;
    .scope S_0x5eb36b61ef20;
T_3 ;
    %wait E_0x5eb36b5876b0;
    %load/vec4 v0x5eb36b620d50_0;
    %nor/r;
    %flag_set/vec4 8;
    %jmp/0xz  T_3.0, 8;
    %jmp T_3.1;
T_3.0 ;
    %load/vec4 v0x5eb36b621000_0;
    %flag_set/vec4 9;
    %flag_get/vec4 9;
    %jmp/0 T_3.4, 9;
    %load/vec4 v0x5eb36b620f20_0;
    %pad/u 32;
    %pushi/vec4 0, 0, 32;
    %cmp/ne;
    %flag_get/vec4 4;
    %and;
T_3.4;
    %flag_set/vec4 8;
    %jmp/0xz  T_3.2, 8;
    %load/vec4 v0x5eb36b620e40_0;
    %load/vec4 v0x5eb36b620f20_0;
    %pad/u 7;
    %ix/vec4 3;
    %ix/load 4, 0, 0; Constant delay
    %assign/vec4/a/d v0x5eb36b620c90, 0, 4;
T_3.2 ;
T_3.1 ;
    %jmp T_3;
    .thread T_3;
    .scope S_0x5eb36b61ddc0;
T_4 ;
    %wait E_0x5eb36b61dff0;
    %load/vec4 v0x5eb36b61e170_0;
    %pad/u 32;
    %cmpi/e 0, 0, 32;
    %jmp/0xz  T_4.0, 4;
    %load/vec4 v0x5eb36b61e250_0;
    %parti/s 1, 24, 6;
    %store/vec4 v0x5eb36b61e310_0, 0, 1;
    %load/vec4 v0x5eb36b61e310_0;
    %replicate 20;
    %load/vec4 v0x5eb36b61e250_0;
    %parti/s 12, 13, 5;
    %concat/vec4; draw_concat_vec4
    %store/vec4 v0x5eb36b61e070_0, 0, 32;
    %jmp T_4.1;
T_4.0 ;
    %load/vec4 v0x5eb36b61e170_0;
    %pad/u 32;
    %cmpi/e 1, 0, 32;
    %jmp/0xz  T_4.2, 4;
    %load/vec4 v0x5eb36b61e250_0;
    %parti/s 1, 24, 6;
    %store/vec4 v0x5eb36b61e310_0, 0, 1;
    %load/vec4 v0x5eb36b61e310_0;
    %replicate 20;
    %load/vec4 v0x5eb36b61e250_0;
    %parti/s 7, 18, 6;
    %concat/vec4; draw_concat_vec4
    %load/vec4 v0x5eb36b61e250_0;
    %parti/s 5, 0, 2;
    %concat/vec4; draw_concat_vec4
    %store/vec4 v0x5eb36b61e070_0, 0, 32;
    %jmp T_4.3;
T_4.2 ;
    %load/vec4 v0x5eb36b61e250_0;
    %parti/s 1, 24, 6;
    %store/vec4 v0x5eb36b61e310_0, 0, 1;
    %load/vec4 v0x5eb36b61e310_0;
    %replicate 20;
    %load/vec4 v0x5eb36b61e250_0;
    %parti/s 1, 0, 2;
    %concat/vec4; draw_concat_vec4
    %load/vec4 v0x5eb36b61e250_0;
    %parti/s 6, 18, 6;
    %concat/vec4; draw_concat_vec4
    %load/vec4 v0x5eb36b61e250_0;
    %parti/s 4, 1, 2;
    %concat/vec4; draw_concat_vec4
    %concati/vec4 0, 0, 1;
    %store/vec4 v0x5eb36b61e070_0, 0, 32;
T_4.3 ;
T_4.1 ;
    %jmp T_4;
    .thread T_4, $push;
    .scope S_0x5eb36b621230;
T_5 ;
Ewait_0 .event/or E_0x5eb36b621580, E_0x0;
    %wait Ewait_0;
    %fork t_1, S_0x5eb36b621600;
    %jmp t_0;
    .scope S_0x5eb36b621600;
t_1 ;
    %load/vec4 v0x5eb36b621a80_0;
    %cmpi/e 0, 0, 3;
    %jmp/0xz  T_5.0, 4;
    %load/vec4 v0x5eb36b6217b0_0;
    %load/vec4 v0x5eb36b6218b0_0;
    %add;
    %store/vec4 v0x5eb36b621990_0, 0, 32;
    %pushi/vec4 0, 0, 1;
    %store/vec4 v0x5eb36b621b60_0, 0, 1;
    %jmp T_5.1;
T_5.0 ;
    %load/vec4 v0x5eb36b621a80_0;
    %cmpi/e 1, 0, 3;
    %jmp/0xz  T_5.2, 4;
    %load/vec4 v0x5eb36b6217b0_0;
    %load/vec4 v0x5eb36b6218b0_0;
    %sub;
    %store/vec4 v0x5eb36b621990_0, 0, 32;
    %load/vec4 v0x5eb36b621990_0;
    %cmpi/e 0, 0, 32;
    %flag_mov 8, 4;
    %jmp/0 T_5.4, 8;
    %pushi/vec4 1, 0, 2;
    %jmp/1 T_5.5, 8;
T_5.4 ; End of true expr.
    %pushi/vec4 0, 0, 2;
    %jmp/0 T_5.5, 8;
 ; End of false expr.
    %blend;
T_5.5;
    %pad/s 1;
    %store/vec4 v0x5eb36b621b60_0, 0, 1;
    %jmp T_5.3;
T_5.2 ;
    %pushi/vec4 0, 0, 1;
    %store/vec4 v0x5eb36b621b60_0, 0, 1;
    %load/vec4 v0x5eb36b621a80_0;
    %cmpi/e 2, 0, 3;
    %jmp/0xz  T_5.6, 4;
    %load/vec4 v0x5eb36b6217b0_0;
    %load/vec4 v0x5eb36b6218b0_0;
    %and;
    %store/vec4 v0x5eb36b621990_0, 0, 32;
    %jmp T_5.7;
T_5.6 ;
    %load/vec4 v0x5eb36b621a80_0;
    %cmpi/e 3, 0, 3;
    %jmp/0xz  T_5.8, 4;
    %load/vec4 v0x5eb36b6217b0_0;
    %load/vec4 v0x5eb36b6218b0_0;
    %or;
    %store/vec4 v0x5eb36b621990_0, 0, 32;
    %jmp T_5.9;
T_5.8 ;
    %load/vec4 v0x5eb36b621a80_0;
    %cmpi/e 5, 0, 3;
    %jmp/0xz  T_5.10, 4;
    %load/vec4 v0x5eb36b6218b0_0;
    %load/vec4 v0x5eb36b6217b0_0;
    %cmp/u;
    %jmp/0xz  T_5.12, 5;
    %pushi/vec4 1, 0, 32;
    %store/vec4 v0x5eb36b621990_0, 0, 32;
    %jmp T_5.13;
T_5.12 ;
    %pushi/vec4 0, 0, 32;
    %store/vec4 v0x5eb36b621990_0, 0, 32;
T_5.13 ;
    %jmp T_5.11;
T_5.10 ;
    %pushi/vec4 3735928559, 0, 32;
    %store/vec4 v0x5eb36b621990_0, 0, 32;
T_5.11 ;
T_5.9 ;
T_5.7 ;
T_5.3 ;
T_5.1 ;
    %end;
    .scope S_0x5eb36b621230;
t_0 %join;
    %jmp T_5;
    .thread T_5, $push;
    .scope S_0x5eb36b5f3a90;
T_6 ;
    %vpi_call/w 4 14 "$readmemh", "data_mem_initialisation.mem", v0x5eb36b52fd20 {0 0 0};
    %end;
    .thread T_6;
    .scope S_0x5eb36b5f3a90;
T_7 ;
    %wait E_0x5eb36b5876b0;
    %load/vec4 v0x5eb36b618da0_0;
    %nor/r;
    %flag_set/vec4 8;
    %jmp/0xz  T_7.0, 8;
    %jmp T_7.1;
T_7.0 ;
    %load/vec4 v0x5eb36b618f40_0;
    %pad/u 32;
    %cmpi/e 1, 0, 32;
    %jmp/0xz  T_7.2, 4;
    %load/vec4 v0x5eb36b618e60_0;
    %ix/getv 3, v0x5eb36b5dedb0_0;
    %ix/load 4, 0, 0; Constant delay
    %assign/vec4/a/d v0x5eb36b52fd20, 0, 4;
T_7.2 ;
T_7.1 ;
    %jmp T_7;
    .thread T_7;
    .scope S_0x5eb36b5f4a80;
T_8 ;
Ewait_1 .event/or E_0x5eb36b605de0, E_0x0;
    %wait Ewait_1;
    %load/vec4 v0x5eb36b61b470_0;
    %cmpi/e 3, 0, 7;
    %jmp/0xz  T_8.0, 4;
    %pushi/vec4 0, 0, 1;
    %store/vec4 v0x5eb36b61b3b0_0, 0, 1;
    %pushi/vec4 1, 0, 1;
    %store/vec4 v0x5eb36b61b100_0, 0, 1;
    %pushi/vec4 0, 0, 2;
    %store/vec4 v0x5eb36b61b2d0_0, 0, 2;
    %pushi/vec4 1, 0, 1;
    %store/vec4 v0x5eb36b619210_0, 0, 1;
    %pushi/vec4 0, 0, 1;
    %store/vec4 v0x5eb36b61b040_0, 0, 1;
    %pushi/vec4 1, 0, 1;
    %store/vec4 v0x5eb36b61b210_0, 0, 1;
    %pushi/vec4 0, 0, 1;
    %store/vec4 v0x5eb36b61af70_0, 0, 1;
    %pushi/vec4 0, 0, 2;
    %store/vec4 v0x5eb36b61ae90_0, 0, 2;
    %jmp T_8.1;
T_8.0 ;
    %load/vec4 v0x5eb36b61b470_0;
    %cmpi/e 35, 0, 7;
    %jmp/0xz  T_8.2, 4;
    %pushi/vec4 0, 0, 1;
    %store/vec4 v0x5eb36b61b3b0_0, 0, 1;
    %pushi/vec4 0, 0, 1;
    %store/vec4 v0x5eb36b61b100_0, 0, 1;
    %pushi/vec4 1, 0, 2;
    %store/vec4 v0x5eb36b61b2d0_0, 0, 2;
    %pushi/vec4 1, 0, 1;
    %store/vec4 v0x5eb36b619210_0, 0, 1;
    %pushi/vec4 1, 0, 1;
    %store/vec4 v0x5eb36b61b040_0, 0, 1;
    %pushi/vec4 1, 0, 1;
    %store/vec4 v0x5eb36b61b210_0, 0, 1;
    %pushi/vec4 0, 0, 1;
    %store/vec4 v0x5eb36b61af70_0, 0, 1;
    %pushi/vec4 0, 0, 2;
    %store/vec4 v0x5eb36b61ae90_0, 0, 2;
    %jmp T_8.3;
T_8.2 ;
    %load/vec4 v0x5eb36b61b470_0;
    %cmpi/e 51, 0, 7;
    %jmp/0xz  T_8.4, 4;
    %pushi/vec4 0, 0, 1;
    %store/vec4 v0x5eb36b61b3b0_0, 0, 1;
    %pushi/vec4 1, 0, 1;
    %store/vec4 v0x5eb36b61b100_0, 0, 1;
    %pushi/vec4 0, 0, 2;
    %store/vec4 v0x5eb36b61b2d0_0, 0, 2;
    %pushi/vec4 0, 0, 1;
    %store/vec4 v0x5eb36b619210_0, 0, 1;
    %pushi/vec4 0, 0, 1;
    %store/vec4 v0x5eb36b61b040_0, 0, 1;
    %pushi/vec4 0, 0, 1;
    %store/vec4 v0x5eb36b61b210_0, 0, 1;
    %pushi/vec4 0, 0, 1;
    %store/vec4 v0x5eb36b61af70_0, 0, 1;
    %pushi/vec4 2, 0, 2;
    %store/vec4 v0x5eb36b61ae90_0, 0, 2;
    %jmp T_8.5;
T_8.4 ;
    %load/vec4 v0x5eb36b61b470_0;
    %cmpi/e 99, 0, 7;
    %jmp/0xz  T_8.6, 4;
    %pushi/vec4 0, 0, 1;
    %store/vec4 v0x5eb36b61b3b0_0, 0, 1;
    %pushi/vec4 0, 0, 1;
    %store/vec4 v0x5eb36b61b100_0, 0, 1;
    %pushi/vec4 2, 0, 2;
    %store/vec4 v0x5eb36b61b2d0_0, 0, 2;
    %pushi/vec4 0, 0, 1;
    %store/vec4 v0x5eb36b619210_0, 0, 1;
    %pushi/vec4 0, 0, 1;
    %store/vec4 v0x5eb36b61b040_0, 0, 1;
    %pushi/vec4 1, 0, 1;
    %store/vec4 v0x5eb36b61b210_0, 0, 1;
    %pushi/vec4 1, 0, 1;
    %store/vec4 v0x5eb36b61af70_0, 0, 1;
    %pushi/vec4 1, 0, 2;
    %store/vec4 v0x5eb36b61ae90_0, 0, 2;
    %jmp T_8.7;
T_8.6 ;
    %pushi/vec4 1, 0, 1;
    %store/vec4 v0x5eb36b61b3b0_0, 0, 1;
    %pushi/vec4 0, 0, 1;
    %store/vec4 v0x5eb36b61b100_0, 0, 1;
    %pushi/vec4 0, 0, 2;
    %store/vec4 v0x5eb36b61b2d0_0, 0, 2;
    %pushi/vec4 0, 0, 1;
    %store/vec4 v0x5eb36b619210_0, 0, 1;
    %pushi/vec4 0, 0, 1;
    %store/vec4 v0x5eb36b61b040_0, 0, 1;
    %pushi/vec4 0, 0, 1;
    %store/vec4 v0x5eb36b61b210_0, 0, 1;
    %pushi/vec4 0, 0, 1;
    %store/vec4 v0x5eb36b61af70_0, 0, 1;
    %pushi/vec4 0, 0, 2;
    %store/vec4 v0x5eb36b61ae90_0, 0, 2;
T_8.7 ;
T_8.5 ;
T_8.3 ;
T_8.1 ;
    %jmp T_8;
    .thread T_8, $push;
    .scope S_0x5eb36b5f4e50;
T_9 ;
Ewait_2 .event/or E_0x5eb36b61b770, E_0x0;
    %wait Ewait_2;
    %load/vec4 v0x5eb36b61b7d0_0;
    %dup/vec4;
    %pushi/vec4 0, 0, 2;
    %cmp/u;
    %jmp/1 T_9.0, 6;
    %dup/vec4;
    %pushi/vec4 1, 0, 2;
    %cmp/u;
    %jmp/1 T_9.1, 6;
    %dup/vec4;
    %pushi/vec4 2, 0, 2;
    %cmp/u;
    %jmp/1 T_9.2, 6;
    %dup/vec4;
    %pushi/vec4 3, 0, 2;
    %cmp/u;
    %jmp/1 T_9.3, 6;
    %jmp T_9.4;
T_9.0 ;
    %pushi/vec4 0, 0, 1;
    %store/vec4 v0x5eb36b61bb20_0, 0, 1;
    %pushi/vec4 0, 0, 3;
    %store/vec4 v0x5eb36b61b8b0_0, 0, 3;
    %jmp T_9.4;
T_9.1 ;
    %pushi/vec4 0, 0, 1;
    %store/vec4 v0x5eb36b61bb20_0, 0, 1;
    %pushi/vec4 1, 0, 3;
    %store/vec4 v0x5eb36b61b8b0_0, 0, 3;
    %jmp T_9.4;
T_9.2 ;
    %pushi/vec4 0, 0, 1;
    %store/vec4 v0x5eb36b61bb20_0, 0, 1;
    %load/vec4 v0x5eb36b61b970_0;
    %dup/vec4;
    %pushi/vec4 0, 0, 3;
    %cmp/u;
    %jmp/1 T_9.5, 6;
    %dup/vec4;
    %pushi/vec4 2, 0, 3;
    %cmp/u;
    %jmp/1 T_9.6, 6;
    %dup/vec4;
    %pushi/vec4 6, 0, 3;
    %cmp/u;
    %jmp/1 T_9.7, 6;
    %dup/vec4;
    %pushi/vec4 7, 0, 3;
    %cmp/u;
    %jmp/1 T_9.8, 6;
    %pushi/vec4 0, 0, 3;
    %store/vec4 v0x5eb36b61b8b0_0, 0, 3;
    %jmp T_9.10;
T_9.5 ;
    %load/vec4 v0x5eb36b61bc30_0;
    %cmpi/e 3, 0, 2;
    %jmp/0xz  T_9.11, 4;
    %pushi/vec4 1, 0, 3;
    %store/vec4 v0x5eb36b61b8b0_0, 0, 3;
    %jmp T_9.12;
T_9.11 ;
    %pushi/vec4 0, 0, 3;
    %store/vec4 v0x5eb36b61b8b0_0, 0, 3;
T_9.12 ;
    %jmp T_9.10;
T_9.6 ;
    %pushi/vec4 5, 0, 3;
    %store/vec4 v0x5eb36b61b8b0_0, 0, 3;
    %jmp T_9.10;
T_9.7 ;
    %pushi/vec4 3, 0, 3;
    %store/vec4 v0x5eb36b61b8b0_0, 0, 3;
    %jmp T_9.10;
T_9.8 ;
    %pushi/vec4 2, 0, 3;
    %store/vec4 v0x5eb36b61b8b0_0, 0, 3;
    %jmp T_9.10;
T_9.10 ;
    %pop/vec4 1;
    %jmp T_9.4;
T_9.3 ;
    %pushi/vec4 1, 0, 1;
    %store/vec4 v0x5eb36b61bb20_0, 0, 1;
    %pushi/vec4 7, 0, 3;
    %store/vec4 v0x5eb36b61b8b0_0, 0, 3;
    %jmp T_9.4;
T_9.4 ;
    %pop/vec4 1;
    %jmp T_9;
    .thread T_9, $push;
    .scope S_0x5eb36b5f3e60;
T_10 ;
Ewait_3 .event/or E_0x5eb36b606d30, E_0x0;
    %wait Ewait_3;
    %load/vec4 v0x5eb36b619c40_0;
    %load/vec4 v0x5eb36b61a550_0;
    %cmp/e;
    %flag_get/vec4 4;
    %jmp/0 T_10.3, 4;
    %load/vec4 v0x5eb36b619920_0;
    %and;
T_10.3;
    %flag_set/vec4 9;
    %flag_get/vec4 9;
    %jmp/0 T_10.2, 9;
    %load/vec4 v0x5eb36b619c40_0;
    %pad/u 32;
    %pushi/vec4 0, 0, 32;
    %cmp/ne;
    %flag_get/vec4 4;
    %and;
T_10.2;
    %flag_set/vec4 8;
    %jmp/0xz  T_10.0, 8;
    %pushi/vec4 2, 0, 2;
    %store/vec4 v0x5eb36b619670_0, 0, 2;
    %jmp T_10.1;
T_10.0 ;
    %load/vec4 v0x5eb36b619c40_0;
    %load/vec4 v0x5eb36b61a630_0;
    %cmp/e;
    %flag_get/vec4 4;
    %jmp/0 T_10.7, 4;
    %load/vec4 v0x5eb36b6199e0_0;
    %and;
T_10.7;
    %flag_set/vec4 9;
    %flag_get/vec4 9;
    %jmp/0 T_10.6, 9;
    %load/vec4 v0x5eb36b619c40_0;
    %pad/u 32;
    %pushi/vec4 0, 0, 32;
    %cmp/ne;
    %flag_get/vec4 4;
    %and;
T_10.6;
    %flag_set/vec4 8;
    %jmp/0xz  T_10.4, 8;
    %pushi/vec4 1, 0, 2;
    %store/vec4 v0x5eb36b619670_0, 0, 2;
    %jmp T_10.5;
T_10.4 ;
    %pushi/vec4 0, 0, 2;
    %store/vec4 v0x5eb36b619670_0, 0, 2;
T_10.5 ;
T_10.1 ;
    %jmp T_10;
    .thread T_10, $push;
    .scope S_0x5eb36b5f3e60;
T_11 ;
Ewait_4 .event/or E_0x5eb36b587140, E_0x0;
    %wait Ewait_4;
    %load/vec4 v0x5eb36b619e00_0;
    %load/vec4 v0x5eb36b61a550_0;
    %cmp/e;
    %flag_get/vec4 4;
    %jmp/0 T_11.3, 4;
    %load/vec4 v0x5eb36b619920_0;
    %and;
T_11.3;
    %flag_set/vec4 9;
    %flag_get/vec4 9;
    %jmp/0 T_11.2, 9;
    %load/vec4 v0x5eb36b619e00_0;
    %pad/u 32;
    %pushi/vec4 0, 0, 32;
    %cmp/ne;
    %flag_get/vec4 4;
    %and;
T_11.2;
    %flag_set/vec4 8;
    %jmp/0xz  T_11.0, 8;
    %pushi/vec4 2, 0, 2;
    %store/vec4 v0x5eb36b619730_0, 0, 2;
    %jmp T_11.1;
T_11.0 ;
    %load/vec4 v0x5eb36b619e00_0;
    %load/vec4 v0x5eb36b61a630_0;
    %cmp/e;
    %flag_get/vec4 4;
    %jmp/0 T_11.7, 4;
    %load/vec4 v0x5eb36b6199e0_0;
    %and;
T_11.7;
    %flag_set/vec4 9;
    %flag_get/vec4 9;
    %jmp/0 T_11.6, 9;
    %load/vec4 v0x5eb36b619e00_0;
    %pad/u 32;
    %pushi/vec4 0, 0, 32;
    %cmp/ne;
    %flag_get/vec4 4;
    %and;
T_11.6;
    %flag_set/vec4 8;
    %jmp/0xz  T_11.4, 8;
    %pushi/vec4 1, 0, 2;
    %store/vec4 v0x5eb36b619730_0, 0, 2;
    %jmp T_11.5;
T_11.4 ;
    %pushi/vec4 0, 0, 2;
    %store/vec4 v0x5eb36b619730_0, 0, 2;
T_11.5 ;
T_11.1 ;
    %jmp T_11;
    .thread T_11, $push;
    .scope S_0x5eb36b5f3720;
T_12 ;
    %wait E_0x5eb36b5876b0;
    %load/vec4 v0x5eb36b627100_0;
    %nor/r;
    %flag_set/vec4 8;
    %jmp/0xz  T_12.0, 8;
    %pushi/vec4 0, 0, 32;
    %assign/vec4 v0x5eb36b622940_0, 0;
    %jmp T_12.1;
T_12.0 ;
    %load/vec4 v0x5eb36b623d00_0;
    %flag_set/vec4 8;
    %jmp/0xz  T_12.2, 8;
    %load/vec4 v0x5eb36b622940_0;
    %assign/vec4 v0x5eb36b622940_0, 0;
    %jmp T_12.3;
T_12.2 ;
    %load/vec4 v0x5eb36b622c00_0;
    %pad/u 32;
    %cmpi/e 1, 0, 32;
    %jmp/0xz  T_12.4, 4;
    %load/vec4 v0x5eb36b622da0_0;
    %assign/vec4 v0x5eb36b622940_0, 0;
    %jmp T_12.5;
T_12.4 ;
    %load/vec4 v0x5eb36b622940_0;
    %addi 4, 0, 32;
    %assign/vec4 v0x5eb36b622940_0, 0;
T_12.5 ;
T_12.3 ;
T_12.1 ;
    %jmp T_12;
    .thread T_12;
    .scope S_0x5eb36b5f3720;
T_13 ;
    %wait E_0x5eb36b5876b0;
    %load/vec4 v0x5eb36b627100_0;
    %nor/r;
    %flag_set/vec4 8;
    %jmp/0xz  T_13.0, 8;
    %pushi/vec4 0, 0, 32;
    %assign/vec4 v0x5eb36b625d40_0, 0;
    %pushi/vec4 0, 0, 32;
    %assign/vec4 v0x5eb36b625410_0, 0;
    %jmp T_13.1;
T_13.0 ;
    %load/vec4 v0x5eb36b623c30_0;
    %flag_set/vec4 8;
    %jmp/0xz  T_13.2, 8;
    %load/vec4 v0x5eb36b625d40_0;
    %assign/vec4 v0x5eb36b625d40_0, 0;
    %load/vec4 v0x5eb36b625410_0;
    %assign/vec4 v0x5eb36b625410_0, 0;
    %jmp T_13.3;
T_13.2 ;
    %load/vec4 v0x5eb36b6222e0_0;
    %flag_set/vec4 8;
    %jmp/0xz  T_13.4, 8;
    %pushi/vec4 0, 0, 32;
    %assign/vec4 v0x5eb36b625d40_0, 0;
    %pushi/vec4 0, 0, 32;
    %assign/vec4 v0x5eb36b625410_0, 0;
    %jmp T_13.5;
T_13.4 ;
    %load/vec4 v0x5eb36b625c70_0;
    %assign/vec4 v0x5eb36b625d40_0, 0;
    %load/vec4 v0x5eb36b624d80_0;
    %assign/vec4 v0x5eb36b625410_0, 0;
T_13.5 ;
T_13.3 ;
T_13.1 ;
    %jmp T_13;
    .thread T_13;
    .scope S_0x5eb36b5f3720;
T_14 ;
    %wait E_0x5eb36b5876b0;
    %load/vec4 v0x5eb36b627100_0;
    %nor/r;
    %flag_set/vec4 8;
    %jmp/0xz  T_14.0, 8;
    %pushi/vec4 0, 0, 32;
    %assign/vec4 v0x5eb36b6267a0_0, 0;
    %pushi/vec4 0, 0, 32;
    %assign/vec4 v0x5eb36b626950_0, 0;
    %pushi/vec4 0, 0, 32;
    %assign/vec4 v0x5eb36b6254d0_0, 0;
    %pushi/vec4 0, 0, 32;
    %assign/vec4 v0x5eb36b6256a0_0, 0;
    %pushi/vec4 0, 0, 1;
    %assign/vec4 v0x5eb36b623100_0, 0;
    %pushi/vec4 0, 0, 1;
    %assign/vec4 v0x5eb36b6233d0_0, 0;
    %pushi/vec4 0, 0, 1;
    %assign/vec4 v0x5eb36b622760_0, 0;
    %pushi/vec4 0, 0, 1;
    %assign/vec4 v0x5eb36b622070_0, 0;
    %pushi/vec4 0, 0, 3;
    %assign/vec4 v0x5eb36b624f40_0, 0;
    %pushi/vec4 0, 0, 1;
    %assign/vec4 v0x5eb36b621e20_0, 0;
    %pushi/vec4 0, 0, 1;
    %assign/vec4 v0x5eb36b6260c0_0, 0;
    %pushi/vec4 0, 0, 5;
    %assign/vec4 v0x5eb36b626af0_0, 0;
    %pushi/vec4 0, 0, 5;
    %assign/vec4 v0x5eb36b626cb0_0, 0;
    %pushi/vec4 0, 0, 5;
    %assign/vec4 v0x5eb36b627340_0, 0;
    %jmp T_14.1;
T_14.0 ;
    %load/vec4 v0x5eb36b622380_0;
    %flag_set/vec4 8;
    %jmp/0xz  T_14.2, 8;
    %pushi/vec4 0, 0, 32;
    %assign/vec4 v0x5eb36b6267a0_0, 0;
    %pushi/vec4 0, 0, 32;
    %assign/vec4 v0x5eb36b626950_0, 0;
    %pushi/vec4 0, 0, 32;
    %assign/vec4 v0x5eb36b6254d0_0, 0;
    %pushi/vec4 0, 0, 32;
    %assign/vec4 v0x5eb36b6256a0_0, 0;
    %pushi/vec4 0, 0, 1;
    %assign/vec4 v0x5eb36b623100_0, 0;
    %pushi/vec4 0, 0, 1;
    %assign/vec4 v0x5eb36b6233d0_0, 0;
    %pushi/vec4 0, 0, 1;
    %assign/vec4 v0x5eb36b622760_0, 0;
    %pushi/vec4 0, 0, 1;
    %assign/vec4 v0x5eb36b622070_0, 0;
    %pushi/vec4 0, 0, 3;
    %assign/vec4 v0x5eb36b624f40_0, 0;
    %pushi/vec4 0, 0, 1;
    %assign/vec4 v0x5eb36b621e20_0, 0;
    %pushi/vec4 0, 0, 1;
    %assign/vec4 v0x5eb36b6260c0_0, 0;
    %pushi/vec4 0, 0, 5;
    %assign/vec4 v0x5eb36b626af0_0, 0;
    %pushi/vec4 0, 0, 5;
    %assign/vec4 v0x5eb36b626cb0_0, 0;
    %pushi/vec4 0, 0, 5;
    %assign/vec4 v0x5eb36b627340_0, 0;
    %jmp T_14.3;
T_14.2 ;
    %load/vec4 v0x5eb36b6266e0_0;
    %assign/vec4 v0x5eb36b6267a0_0, 0;
    %load/vec4 v0x5eb36b626860_0;
    %assign/vec4 v0x5eb36b626950_0, 0;
    %load/vec4 v0x5eb36b625410_0;
    %assign/vec4 v0x5eb36b6254d0_0, 0;
    %load/vec4 v0x5eb36b6255b0_0;
    %assign/vec4 v0x5eb36b6256a0_0, 0;
    %load/vec4 v0x5eb36b623010_0;
    %assign/vec4 v0x5eb36b623100_0, 0;
    %load/vec4 v0x5eb36b6232e0_0;
    %assign/vec4 v0x5eb36b6233d0_0, 0;
    %load/vec4 v0x5eb36b6226c0_0;
    %assign/vec4 v0x5eb36b622760_0, 0;
    %load/vec4 v0x5eb36b621f80_0;
    %assign/vec4 v0x5eb36b622070_0, 0;
    %load/vec4 v0x5eb36b624e50_0;
    %assign/vec4 v0x5eb36b624f40_0, 0;
    %load/vec4 v0x5eb36b621d10_0;
    %assign/vec4 v0x5eb36b621e20_0, 0;
    %load/vec4 v0x5eb36b625ee0_0;
    %assign/vec4 v0x5eb36b6260c0_0, 0;
    %load/vec4 v0x5eb36b626a10_0;
    %assign/vec4 v0x5eb36b626af0_0, 0;
    %load/vec4 v0x5eb36b626bd0_0;
    %assign/vec4 v0x5eb36b626cb0_0, 0;
    %load/vec4 v0x5eb36b625d40_0;
    %parti/s 5, 7, 4;
    %assign/vec4 v0x5eb36b627340_0, 0;
T_14.3 ;
T_14.1 ;
    %jmp T_14;
    .thread T_14;
    .scope S_0x5eb36b5f3720;
T_15 ;
    %wait E_0x5eb36b5876b0;
    %load/vec4 v0x5eb36b627100_0;
    %nor/r;
    %flag_set/vec4 8;
    %jmp/0xz  T_15.0, 8;
    %pushi/vec4 0, 0, 32;
    %assign/vec4 v0x5eb36b627ad0_0, 0;
    %pushi/vec4 0, 0, 32;
    %assign/vec4 v0x5eb36b6250e0_0, 0;
    %pushi/vec4 0, 0, 1;
    %assign/vec4 v0x5eb36b6231a0_0, 0;
    %pushi/vec4 0, 0, 1;
    %assign/vec4 v0x5eb36b623510_0, 0;
    %pushi/vec4 0, 0, 1;
    %assign/vec4 v0x5eb36b622800_0, 0;
    %pushi/vec4 0, 0, 1;
    %assign/vec4 v0x5eb36b626180_0, 0;
    %pushi/vec4 0, 0, 5;
    %assign/vec4 v0x5eb36b6275b0_0, 0;
    %jmp T_15.1;
T_15.0 ;
    %load/vec4 v0x5eb36b626950_0;
    %assign/vec4 v0x5eb36b627ad0_0, 0;
    %load/vec4 v0x5eb36b625020_0;
    %assign/vec4 v0x5eb36b6250e0_0, 0;
    %load/vec4 v0x5eb36b623100_0;
    %assign/vec4 v0x5eb36b6231a0_0, 0;
    %load/vec4 v0x5eb36b6233d0_0;
    %assign/vec4 v0x5eb36b623510_0, 0;
    %load/vec4 v0x5eb36b622760_0;
    %assign/vec4 v0x5eb36b622800_0, 0;
    %load/vec4 v0x5eb36b6260c0_0;
    %assign/vec4 v0x5eb36b626180_0, 0;
    %load/vec4 v0x5eb36b627340_0;
    %assign/vec4 v0x5eb36b6275b0_0, 0;
T_15.1 ;
    %jmp T_15;
    .thread T_15;
    .scope S_0x5eb36b5f3720;
T_16 ;
    %wait E_0x5eb36b5876b0;
    %load/vec4 v0x5eb36b627100_0;
    %nor/r;
    %flag_set/vec4 8;
    %jmp/0xz  T_16.0, 8;
    %pushi/vec4 0, 0, 32;
    %assign/vec4 v0x5eb36b6251a0_0, 0;
    %pushi/vec4 0, 0, 32;
    %assign/vec4 v0x5eb36b626e80_0, 0;
    %pushi/vec4 0, 0, 1;
    %assign/vec4 v0x5eb36b623240_0, 0;
    %pushi/vec4 0, 0, 1;
    %assign/vec4 v0x5eb36b6235b0_0, 0;
    %pushi/vec4 0, 0, 1;
    %assign/vec4 v0x5eb36b626240_0, 0;
    %pushi/vec4 0, 0, 5;
    %assign/vec4 v0x5eb36b627780_0, 0;
    %jmp T_16.1;
T_16.0 ;
    %load/vec4 v0x5eb36b6250e0_0;
    %assign/vec4 v0x5eb36b6251a0_0, 0;
    %load/vec4 v0x5eb36b626d90_0;
    %assign/vec4 v0x5eb36b626e80_0, 0;
    %load/vec4 v0x5eb36b6231a0_0;
    %assign/vec4 v0x5eb36b623240_0, 0;
    %load/vec4 v0x5eb36b623510_0;
    %assign/vec4 v0x5eb36b6235b0_0, 0;
    %load/vec4 v0x5eb36b626180_0;
    %assign/vec4 v0x5eb36b626240_0, 0;
    %load/vec4 v0x5eb36b6275b0_0;
    %assign/vec4 v0x5eb36b627780_0, 0;
T_16.1 ;
    %jmp T_16;
    .thread T_16;
    .scope S_0x5eb36b5f3720;
T_17 ;
    %wait E_0x5eb36b5876b0;
    %load/vec4 v0x5eb36b627100_0;
    %nor/r;
    %flag_set/vec4 8;
    %jmp/0xz  T_17.0, 8;
    %pushi/vec4 0, 0, 32;
    %assign/vec4 v0x5eb36b626460_0, 0;
    %pushi/vec4 0, 0, 32;
    %assign/vec4 v0x5eb36b6263a0_0, 0;
    %pushi/vec4 0, 0, 32;
    %assign/vec4 v0x5eb36b626600_0, 0;
    %pushi/vec4 0, 0, 1;
    %assign/vec4 v0x5eb36b626540_0, 0;
    %jmp T_17.1;
T_17.0 ;
    %load/vec4 v0x5eb36b624d80_0;
    %assign/vec4 v0x5eb36b626460_0, 0;
    %load/vec4 v0x5eb36b625020_0;
    %assign/vec4 v0x5eb36b6263a0_0, 0;
    %load/vec4 v0x5eb36b627930_0;
    %assign/vec4 v0x5eb36b626600_0, 0;
    %load/vec4 v0x5eb36b623010_0;
    %assign/vec4 v0x5eb36b626540_0, 0;
T_17.1 ;
    %jmp T_17;
    .thread T_17;
# The file index is used to find the file name in the following table.
:file_names 15;
    "N/A";
    "<interactive>";
    "-";
    "top_wrapper.sv";
    "data_memory.sv";
    "Hazard_Unit.sv";
    "control_wrapper.sv";
    "control_decoder.sv";
    "alu_decoder.sv";
    "Program_counter.sv";
    "instruction_memory.sv";
    "sign_extender.sv";
    "branch_alu.sv";
    "Register_file.sv";
    "alu.sv";
