Startpoint: _4518_ (rising edge-triggered flip-flop clocked by clk)
Endpoint: _4483_ (rising edge-triggered flip-flop clocked by clk)
Path Group: clk
Path Type: max

  Delay    Time   Description
---------------------------------------------------------
   0.00    0.00   clock clk (rise edge)
   0.00    0.00   clock network delay (ideal)
   0.00    0.00 ^ _4518_/CLK (sky130_fd_sc_hd__dfxtp_1)
   0.33    0.33 v _4518_/Q (sky130_fd_sc_hd__dfxtp_1)
   0.15    0.48 v _4983_/X (sky130_fd_sc_hd__xor2_1)
   0.54    1.03 v _4987_/X (sky130_fd_sc_hd__or4_4)
   0.43    1.46 ^ _4990_/Y (sky130_fd_sc_hd__nor4b_4)
   0.28    1.74 ^ _3595_/Y (sky130_fd_sc_hd__nand2b_4)
   0.09    1.84 v _3597_/Y (sky130_fd_sc_hd__nand2_8)
   0.13    1.96 ^ _3686_/Y (sky130_fd_sc_hd__o22ai_2)
   0.08    2.04 v _3687_/Y (sky130_fd_sc_hd__nor2_2)
   0.25    2.29 ^ _8512_/Y (sky130_fd_sc_hd__xnor2_2)
   0.11    2.39 v _8514_/Y (sky130_fd_sc_hd__o21ai_2)
   0.34    2.73 v _8517_/X (sky130_fd_sc_hd__a221o_1)
   0.25    2.99 v _8520_/X (sky130_fd_sc_hd__a31o_1)
   0.35    3.34 v _8522_/X (sky130_fd_sc_hd__maj3_1)
   0.39    3.73 v _8524_/X (sky130_fd_sc_hd__maj3_1)
   0.39    4.12 v _8525_/X (sky130_fd_sc_hd__maj3_1)
   0.39    4.51 v _8526_/X (sky130_fd_sc_hd__maj3_1)
   0.39    4.90 v _8527_/X (sky130_fd_sc_hd__maj3_1)
   0.39    5.29 v _8528_/X (sky130_fd_sc_hd__maj3_1)
   0.39    5.67 v _8529_/X (sky130_fd_sc_hd__maj3_1)
   0.36    6.04 v _8532_/X (sky130_fd_sc_hd__a221o_1)
   0.23    6.26 ^ _8535_/Y (sky130_fd_sc_hd__a311oi_2)
   0.09    6.36 v _8538_/Y (sky130_fd_sc_hd__o31ai_1)
   0.39    6.74 v _8540_/X (sky130_fd_sc_hd__maj3_1)
   0.25    6.99 ^ _8542_/Y (sky130_fd_sc_hd__a211oi_2)
   0.18    7.17 ^ _8546_/X (sky130_fd_sc_hd__o311a_1)
   0.16    7.33 ^ _8549_/X (sky130_fd_sc_hd__o311a_1)
   0.09    7.42 v _8551_/Y (sky130_fd_sc_hd__o31ai_1)
   0.38    7.80 v _8552_/X (sky130_fd_sc_hd__maj3_1)
   0.39    8.19 v _8554_/X (sky130_fd_sc_hd__maj3_1)
   0.39    8.58 v _8555_/X (sky130_fd_sc_hd__maj3_1)
   0.38    8.96 v _8557_/X (sky130_fd_sc_hd__maj3_1)
   0.09    9.05 ^ _8558_/Y (sky130_fd_sc_hd__nand2_1)
   0.10    9.15 v _8560_/Y (sky130_fd_sc_hd__a21boi_0)
   0.21    9.36 ^ _8886_/Y (sky130_fd_sc_hd__o31ai_1)
   0.08    9.44 v _8894_/Y (sky130_fd_sc_hd__o21ai_0)
   0.14    9.58 v _4341_/X (sky130_fd_sc_hd__and2_0)
   0.00    9.58 v _4483_/D (sky130_fd_sc_hd__dfxtp_1)
           9.58   data arrival time

  10.00   10.00   clock clk (rise edge)
   0.00   10.00   clock network delay (ideal)
  -0.25    9.75   clock uncertainty
   0.00    9.75   clock reconvergence pessimism
           9.75 ^ _4483_/CLK (sky130_fd_sc_hd__dfxtp_1)
  -0.12    9.63   library setup time
           9.63   data required time
---------------------------------------------------------
           9.63   data required time
          -9.58   data arrival time
---------------------------------------------------------
           0.05   slack (MET)


Startpoint: _4452_ (rising edge-triggered flip-flop clocked by clk)
Endpoint: probe_alu_out[0] (output port clocked by clk_v)
Path Group: clk_v
Path Type: max

  Delay    Time   Description
---------------------------------------------------------
   0.00    0.00   clock clk (rise edge)
   0.00    0.00   clock network delay (ideal)
   0.00    0.00 ^ _4452_/CLK (sky130_fd_sc_hd__dfxtp_1)
   1.05    1.05 ^ _4452_/Q (sky130_fd_sc_hd__dfxtp_1)
   0.00    1.05 ^ probe_alu_out[0] (out)
           1.05   data arrival time

  10.00   10.00   clock clk_v (rise edge)
   0.00   10.00   clock network delay (ideal)
   0.00   10.00   clock reconvergence pessimism
  -2.00    8.00   output external delay
           8.00   data required time
---------------------------------------------------------
           8.00   data required time
          -1.05   data arrival time
---------------------------------------------------------
           6.95   slack (MET)


