Startpoint: _07824_ (rising edge-triggered flip-flop clocked by clk)
Endpoint: _07592_ (rising edge-triggered flip-flop clocked by clk)
Path Group: clk
Path Type: max

  Delay    Time   Description
---------------------------------------------------------
   0.00    0.00   clock clk (rise edge)
   0.00    0.00   clock network delay (ideal)
   0.00    0.00 ^ _07824_/CLK (sky130_fd_sc_hd__dfxtp_4)
   3.32    3.32 ^ _07824_/Q (sky130_fd_sc_hd__dfxtp_4)
   2.64    5.95 v _10448_/Y (sky130_fd_sc_hd__clkinv_2)
   0.38    6.33 ^ _10449_/Y (sky130_fd_sc_hd__nor2_1)
   0.17    6.50 v _10452_/Y (sky130_fd_sc_hd__o221ai_1)
   0.66    7.17 ^ _10453_/Y (sky130_fd_sc_hd__nor2_1)
   0.79    7.95 v _10454_/Y (sky130_fd_sc_hd__clkinv_1)
   0.36    8.31 ^ _11863_/Y (sky130_fd_sc_hd__o21ai_0)
   0.07    8.37 v _11919_/Y (sky130_fd_sc_hd__a31oi_1)
   0.06    8.43 ^ _07013_/Y (sky130_fd_sc_hd__clkinv_1)
   0.03    8.47 v _07014_/Y (sky130_fd_sc_hd__nor2_1)
   0.00    8.47 v _07592_/D (sky130_fd_sc_hd__dfxtp_1)
           8.47   data arrival time

  10.00   10.00   clock clk (rise edge)
   0.00   10.00   clock network delay (ideal)
  -0.25    9.75   clock uncertainty
   0.00    9.75   clock reconvergence pessimism
           9.75 ^ _07592_/CLK (sky130_fd_sc_hd__dfxtp_1)
  -0.16    9.59   library setup time
           9.59   data required time
---------------------------------------------------------
           9.59   data required time
          -8.47   data arrival time
---------------------------------------------------------
           1.12   slack (MET)


Startpoint: _07692_ (rising edge-triggered flip-flop clocked by clk)
Endpoint: probe_alu_out[31] (output port clocked by clk_v)
Path Group: clk_v
Path Type: max

  Delay    Time   Description
---------------------------------------------------------
   0.00    0.00   clock clk (rise edge)
   0.00    0.00   clock network delay (ideal)
   0.00    0.00 ^ _07692_/CLK (sky130_fd_sc_hd__dfxtp_1)
   0.42    0.42 ^ _07692_/Q (sky130_fd_sc_hd__dfxtp_1)
   0.13    0.55 v _08149_/Y (sky130_fd_sc_hd__clkinv_1)
   0.13    0.68 ^ _08162_/Y (sky130_fd_sc_hd__a21oi_1)
   0.11    0.79 v _08163_/Y (sky130_fd_sc_hd__o221ai_1)
   0.20    0.99 ^ _08168_/Y (sky130_fd_sc_hd__a221oi_1)
   0.21    1.20 ^ _08171_/X (sky130_fd_sc_hd__o2111a_1)
   0.08    1.28 v _06267_/Y (sky130_fd_sc_hd__clkinv_1)
   0.66    1.93 ^ _06268_/Y (sky130_fd_sc_hd__nor2_2)
   0.78    2.71 v _06271_/Y (sky130_fd_sc_hd__clkinv_1)
   0.33    3.04 ^ _06453_/Y (sky130_fd_sc_hd__a31oi_1)
   0.20    3.23 v _06455_/Y (sky130_fd_sc_hd__o21ai_0)
   0.20    3.44 ^ _13528_/Y (sky130_fd_sc_hd__nand2_1)
   0.14    3.57 v _13529_/Y (sky130_fd_sc_hd__o21ai_0)
   0.20    3.78 ^ _13530_/Y (sky130_fd_sc_hd__a21oi_1)
   0.11    3.89 v _13531_/Y (sky130_fd_sc_hd__o21bai_1)
   0.15    4.04 ^ _13532_/Y (sky130_fd_sc_hd__a21oi_1)
   0.10    4.14 v _13533_/Y (sky130_fd_sc_hd__o21bai_1)
   0.20    4.34 ^ _13534_/Y (sky130_fd_sc_hd__a21oi_1)
   0.11    4.45 v _13535_/Y (sky130_fd_sc_hd__o21bai_1)
   0.20    4.65 ^ _13536_/Y (sky130_fd_sc_hd__a21oi_1)
   0.11    4.76 v _13537_/Y (sky130_fd_sc_hd__o21bai_1)
   0.20    4.96 ^ _13538_/Y (sky130_fd_sc_hd__a21oi_1)
   0.11    5.07 v _13539_/Y (sky130_fd_sc_hd__o21bai_1)
   0.20    5.27 ^ _13540_/Y (sky130_fd_sc_hd__a21oi_1)
   0.10    5.36 v _13541_/Y (sky130_fd_sc_hd__o21bai_1)
   0.09    5.45 ^ _13542_/Y (sky130_fd_sc_hd__nand2_1)
   0.08    5.53 v _13543_/Y (sky130_fd_sc_hd__nand3_1)
   0.10    5.64 ^ _13544_/Y (sky130_fd_sc_hd__nand3_1)
   0.08    5.72 v _13545_/Y (sky130_fd_sc_hd__a21oi_1)
   0.18    5.90 ^ _13546_/Y (sky130_fd_sc_hd__o21bai_1)
   0.11    6.01 v _13547_/Y (sky130_fd_sc_hd__nand3_1)
   0.10    6.11 ^ _13548_/Y (sky130_fd_sc_hd__nand3_1)
   0.08    6.19 v _13549_/Y (sky130_fd_sc_hd__a21oi_1)
   0.16    6.35 ^ _13550_/Y (sky130_fd_sc_hd__o21bai_1)
   0.12    6.47 v _13551_/Y (sky130_fd_sc_hd__nand3_1)
   0.21    6.67 ^ _13552_/Y (sky130_fd_sc_hd__a31oi_1)
   0.10    6.78 v _13553_/Y (sky130_fd_sc_hd__o21bai_1)
   0.20    6.97 ^ _13554_/Y (sky130_fd_sc_hd__a21oi_1)
   0.10    7.07 v _13555_/Y (sky130_fd_sc_hd__o21bai_1)
   0.19    7.26 ^ _13556_/Y (sky130_fd_sc_hd__a21oi_1)
   0.11    7.37 v _13557_/Y (sky130_fd_sc_hd__o21bai_1)
   0.19    7.56 ^ _13982_/Y (sky130_fd_sc_hd__a211oi_1)
   0.10    7.66 v _13986_/Y (sky130_fd_sc_hd__o21ai_0)
   0.11    7.77 ^ _13995_/Y (sky130_fd_sc_hd__nand2_1)
   0.00    7.77 ^ probe_alu_out[31] (out)
           7.77   data arrival time

  10.00   10.00   clock clk_v (rise edge)
   0.00   10.00   clock network delay (ideal)
   0.00   10.00   clock reconvergence pessimism
  -2.00    8.00   output external delay
           8.00   data required time
---------------------------------------------------------
           8.00   data required time
          -7.77   data arrival time
---------------------------------------------------------
           0.23   slack (MET)


