[WARNING STA-0502] report_checks -endpoint_count is deprecated. Use -endpoint_path_count instead.
[WARNING STA-0503] report_checks -group_count is deprecated. Use -group_path_count instead.
Startpoint: _4518_ (rising edge-triggered flip-flop clocked by clk)
Endpoint: _4483_ (rising edge-triggered flip-flop clocked by clk)
Path Group: clk
Path Type: max

  Delay    Time   Description
---------------------------------------------------------
   0.00    0.00   clock clk (rise edge)
   0.00    0.00   clock network delay (ideal)
   0.00    0.00 ^ _4518_/CLK (sky130_fd_sc_hd__dfxtp_1)
   0.33    0.33 v _4518_/Q (sky130_fd_sc_hd__dfxtp_1)
   0.15    0.48 v _4983_/X (sky130_fd_sc_hd__xor2_1)
   0.54    1.03 v _4987_/X (sky130_fd_sc_hd__or4_4)
   0.43    1.46 ^ _4990_/Y (sky130_fd_sc_hd__nor4b_4)
   0.28    1.74 ^ _3595_/Y (sky130_fd_sc_hd__nand2b_4)
   0.09    1.84 v _3597_/Y (sky130_fd_sc_hd__nand2_8)
   0.13    1.96 ^ _3686_/Y (sky130_fd_sc_hd__o22ai_2)
   0.08    2.04 v _3687_/Y (sky130_fd_sc_hd__nor2_2)
   0.25    2.29 ^ _8512_/Y (sky130_fd_sc_hd__xnor2_2)
   0.11    2.39 v _8514_/Y (sky130_fd_sc_hd__o21ai_2)
   0.34    2.73 v _8517_/X (sky130_fd_sc_hd__a221o_1)
   0.25    2.99 v _8520_/X (sky130_fd_sc_hd__a31o_1)
   0.35    3.34 v _8522_/X (sky130_fd_sc_hd__maj3_1)
   0.39    3.73 v _8524_/X (sky130_fd_sc_hd__maj3_1)
   0.39    4.12 v _8525_/X (sky130_fd_sc_hd__maj3_1)
   0.39    4.51 v _8526_/X (sky130_fd_sc_hd__maj3_1)
   0.39    4.90 v _8527_/X (sky130_fd_sc_hd__maj3_1)
   0.39    5.29 v _8528_/X (sky130_fd_sc_hd__maj3_1)
   0.39    5.67 v _8529_/X (sky130_fd_sc_hd__maj3_1)
   0.36    6.04 v _8532_/X (sky130_fd_sc_hd__a221o_1)
   0.23    6.26 ^ _8535_/Y (sky130_fd_sc_hd__a311oi_2)
   0.09    6.36 v _8538_/Y (sky130_fd_sc_hd__o31ai_1)
   0.39    6.74 v _8540_/X (sky130_fd_sc_hd__maj3_1)
   0.25    6.99 ^ _8542_/Y (sky130_fd_sc_hd__a211oi_2)
   0.18    7.17 ^ _8546_/X (sky130_fd_sc_hd__o311a_1)
   0.16    7.33 ^ _8549_/X (sky130_fd_sc_hd__o311a_1)
   0.09    7.42 v _8551_/Y (sky130_fd_sc_hd__o31ai_1)
   0.38    7.80 v _8552_/X (sky130_fd_sc_hd__maj3_1)
   0.39    8.19 v _8554_/X (sky130_fd_sc_hd__maj3_1)
   0.39    8.58 v _8555_/X (sky130_fd_sc_hd__maj3_1)
   0.38    8.96 v _8557_/X (sky130_fd_sc_hd__maj3_1)
   0.09    9.05 ^ _8558_/Y (sky130_fd_sc_hd__nand2_1)
   0.10    9.15 v _8560_/Y (sky130_fd_sc_hd__a21boi_0)
   0.21    9.36 ^ _8886_/Y (sky130_fd_sc_hd__o31ai_1)
   0.08    9.44 v _8894_/Y (sky130_fd_sc_hd__o21ai_0)
   0.14    9.58 v _4341_/X (sky130_fd_sc_hd__and2_0)
   0.00    9.58 v _4483_/D (sky130_fd_sc_hd__dfxtp_1)
           9.58   data arrival time

  10.00   10.00   clock clk (rise edge)
   0.00   10.00   clock network delay (ideal)
  -0.25    9.75   clock uncertainty
   0.00    9.75   clock reconvergence pessimism
           9.75 ^ _4483_/CLK (sky130_fd_sc_hd__dfxtp_1)
  -0.12    9.63   library setup time
           9.63   data required time
---------------------------------------------------------
           9.63   data required time
          -9.58   data arrival time
---------------------------------------------------------
           0.05   slack (MET)


Startpoint: _4518_ (rising edge-triggered flip-flop clocked by clk)
Endpoint: _4483_ (rising edge-triggered flip-flop clocked by clk)
Path Group: clk
Path Type: max

  Delay    Time   Description
---------------------------------------------------------
   0.00    0.00   clock clk (rise edge)
   0.00    0.00   clock network delay (ideal)
   0.00    0.00 ^ _4518_/CLK (sky130_fd_sc_hd__dfxtp_1)
   0.39    0.39 ^ _4518_/Q (sky130_fd_sc_hd__dfxtp_1)
   0.09    0.48 v _4983_/X (sky130_fd_sc_hd__xor2_1)
   0.54    1.02 v _4987_/X (sky130_fd_sc_hd__or4_4)
   0.43    1.46 ^ _4990_/Y (sky130_fd_sc_hd__nor4b_4)
   0.28    1.74 ^ _3595_/Y (sky130_fd_sc_hd__nand2b_4)
   0.09    1.83 v _3597_/Y (sky130_fd_sc_hd__nand2_8)
   0.13    1.96 ^ _3686_/Y (sky130_fd_sc_hd__o22ai_2)
   0.08    2.04 v _3687_/Y (sky130_fd_sc_hd__nor2_2)
   0.25    2.28 ^ _8512_/Y (sky130_fd_sc_hd__xnor2_2)
   0.11    2.39 v _8514_/Y (sky130_fd_sc_hd__o21ai_2)
   0.34    2.73 v _8517_/X (sky130_fd_sc_hd__a221o_1)
   0.25    2.98 v _8520_/X (sky130_fd_sc_hd__a31o_1)
   0.35    3.34 v _8522_/X (sky130_fd_sc_hd__maj3_1)
   0.39    3.72 v _8524_/X (sky130_fd_sc_hd__maj3_1)
   0.39    4.11 v _8525_/X (sky130_fd_sc_hd__maj3_1)
   0.39    4.50 v _8526_/X (sky130_fd_sc_hd__maj3_1)
   0.39    4.89 v _8527_/X (sky130_fd_sc_hd__maj3_1)
   0.39    5.28 v _8528_/X (sky130_fd_sc_hd__maj3_1)
   0.39    5.67 v _8529_/X (sky130_fd_sc_hd__maj3_1)
   0.36    6.03 v _8532_/X (sky130_fd_sc_hd__a221o_1)
   0.23    6.26 ^ _8535_/Y (sky130_fd_sc_hd__a311oi_2)
   0.09    6.35 v _8538_/Y (sky130_fd_sc_hd__o31ai_1)
   0.39    6.74 v _8540_/X (sky130_fd_sc_hd__maj3_1)
   0.25    6.99 ^ _8542_/Y (sky130_fd_sc_hd__a211oi_2)
   0.18    7.17 ^ _8546_/X (sky130_fd_sc_hd__o311a_1)
   0.16    7.32 ^ _8549_/X (sky130_fd_sc_hd__o311a_1)
   0.09    7.41 v _8551_/Y (sky130_fd_sc_hd__o31ai_1)
   0.38    7.80 v _8552_/X (sky130_fd_sc_hd__maj3_1)
   0.39    8.19 v _8554_/X (sky130_fd_sc_hd__maj3_1)
   0.39    8.58 v _8555_/X (sky130_fd_sc_hd__maj3_1)
   0.38    8.96 v _8557_/X (sky130_fd_sc_hd__maj3_1)
   0.09    9.05 ^ _8558_/Y (sky130_fd_sc_hd__nand2_1)
   0.10    9.15 v _8560_/Y (sky130_fd_sc_hd__a21boi_0)
   0.21    9.36 ^ _8886_/Y (sky130_fd_sc_hd__o31ai_1)
   0.08    9.44 v _8894_/Y (sky130_fd_sc_hd__o21ai_0)
   0.14    9.58 v _4341_/X (sky130_fd_sc_hd__and2_0)
   0.00    9.58 v _4483_/D (sky130_fd_sc_hd__dfxtp_1)
           9.58   data arrival time

  10.00   10.00   clock clk (rise edge)
   0.00   10.00   clock network delay (ideal)
  -0.25    9.75   clock uncertainty
   0.00    9.75   clock reconvergence pessimism
           9.75 ^ _4483_/CLK (sky130_fd_sc_hd__dfxtp_1)
  -0.12    9.63   library setup time
           9.63   data required time
---------------------------------------------------------
           9.63   data required time
          -9.58   data arrival time
---------------------------------------------------------
           0.06   slack (MET)


Startpoint: _4732_ (rising edge-triggered flip-flop clocked by clk)
Endpoint: _4483_ (rising edge-triggered flip-flop clocked by clk)
Path Group: clk
Path Type: max

  Delay    Time   Description
---------------------------------------------------------
   0.00    0.00   clock clk (rise edge)
   0.00    0.00   clock network delay (ideal)
   0.00    0.00 ^ _4732_/CLK (sky130_fd_sc_hd__dfxtp_1)
   0.30    0.30 v _4732_/Q (sky130_fd_sc_hd__dfxtp_1)
   0.40    0.71 v _4976_/X (sky130_fd_sc_hd__or3_1)
   0.22    0.92 ^ _4977_/Y (sky130_fd_sc_hd__nor3_4)
   0.13    1.05 v _4982_/Y (sky130_fd_sc_hd__nor4_4)
   0.40    1.45 ^ _4990_/Y (sky130_fd_sc_hd__nor4b_4)
   0.28    1.73 ^ _3595_/Y (sky130_fd_sc_hd__nand2b_4)
   0.09    1.83 v _3597_/Y (sky130_fd_sc_hd__nand2_8)
   0.13    1.95 ^ _3686_/Y (sky130_fd_sc_hd__o22ai_2)
   0.08    2.03 v _3687_/Y (sky130_fd_sc_hd__nor2_2)
   0.25    2.28 ^ _8512_/Y (sky130_fd_sc_hd__xnor2_2)
   0.11    2.39 v _8514_/Y (sky130_fd_sc_hd__o21ai_2)
   0.34    2.73 v _8517_/X (sky130_fd_sc_hd__a221o_1)
   0.25    2.98 v _8520_/X (sky130_fd_sc_hd__a31o_1)
   0.35    3.33 v _8522_/X (sky130_fd_sc_hd__maj3_1)
   0.39    3.72 v _8524_/X (sky130_fd_sc_hd__maj3_1)
   0.39    4.11 v _8525_/X (sky130_fd_sc_hd__maj3_1)
   0.39    4.50 v _8526_/X (sky130_fd_sc_hd__maj3_1)
   0.39    4.89 v _8527_/X (sky130_fd_sc_hd__maj3_1)
   0.39    5.28 v _8528_/X (sky130_fd_sc_hd__maj3_1)
   0.39    5.66 v _8529_/X (sky130_fd_sc_hd__maj3_1)
   0.36    6.03 v _8532_/X (sky130_fd_sc_hd__a221o_1)
   0.23    6.25 ^ _8535_/Y (sky130_fd_sc_hd__a311oi_2)
   0.09    6.35 v _8538_/Y (sky130_fd_sc_hd__o31ai_1)
   0.39    6.73 v _8540_/X (sky130_fd_sc_hd__maj3_1)
   0.25    6.98 ^ _8542_/Y (sky130_fd_sc_hd__a211oi_2)
   0.18    7.16 ^ _8546_/X (sky130_fd_sc_hd__o311a_1)
   0.16    7.32 ^ _8549_/X (sky130_fd_sc_hd__o311a_1)
   0.09    7.41 v _8551_/Y (sky130_fd_sc_hd__o31ai_1)
   0.38    7.79 v _8552_/X (sky130_fd_sc_hd__maj3_1)
   0.39    8.18 v _8554_/X (sky130_fd_sc_hd__maj3_1)
   0.39    8.57 v _8555_/X (sky130_fd_sc_hd__maj3_1)
   0.38    8.95 v _8557_/X (sky130_fd_sc_hd__maj3_1)
   0.09    9.04 ^ _8558_/Y (sky130_fd_sc_hd__nand2_1)
   0.10    9.14 v _8560_/Y (sky130_fd_sc_hd__a21boi_0)
   0.21    9.35 ^ _8886_/Y (sky130_fd_sc_hd__o31ai_1)
   0.08    9.43 v _8894_/Y (sky130_fd_sc_hd__o21ai_0)
   0.14    9.57 v _4341_/X (sky130_fd_sc_hd__and2_0)
   0.00    9.57 v _4483_/D (sky130_fd_sc_hd__dfxtp_1)
           9.57   data arrival time

  10.00   10.00   clock clk (rise edge)
   0.00   10.00   clock network delay (ideal)
  -0.25    9.75   clock uncertainty
   0.00    9.75   clock reconvergence pessimism
           9.75 ^ _4483_/CLK (sky130_fd_sc_hd__dfxtp_1)
  -0.12    9.63   library setup time
           9.63   data required time
---------------------------------------------------------
           9.63   data required time
          -9.57   data arrival time
---------------------------------------------------------
           0.06   slack (MET)


Startpoint: _4731_ (rising edge-triggered flip-flop clocked by clk)
Endpoint: _4483_ (rising edge-triggered flip-flop clocked by clk)
Path Group: clk
Path Type: max

  Delay    Time   Description
---------------------------------------------------------
   0.00    0.00   clock clk (rise edge)
   0.00    0.00   clock network delay (ideal)
   0.00    0.00 ^ _4731_/CLK (sky130_fd_sc_hd__dfxtp_1)
   0.31    0.31 v _4731_/Q (sky130_fd_sc_hd__dfxtp_1)
   0.16    0.46 v _4983_/X (sky130_fd_sc_hd__xor2_1)
   0.54    1.01 v _4987_/X (sky130_fd_sc_hd__or4_4)
   0.43    1.44 ^ _4990_/Y (sky130_fd_sc_hd__nor4b_4)
   0.28    1.72 ^ _3595_/Y (sky130_fd_sc_hd__nand2b_4)
   0.09    1.81 v _3597_/Y (sky130_fd_sc_hd__nand2_8)
   0.13    1.94 ^ _3686_/Y (sky130_fd_sc_hd__o22ai_2)
   0.08    2.02 v _3687_/Y (sky130_fd_sc_hd__nor2_2)
   0.25    2.27 ^ _8512_/Y (sky130_fd_sc_hd__xnor2_2)
   0.11    2.37 v _8514_/Y (sky130_fd_sc_hd__o21ai_2)
   0.34    2.71 v _8517_/X (sky130_fd_sc_hd__a221o_1)
   0.25    2.97 v _8520_/X (sky130_fd_sc_hd__a31o_1)
   0.35    3.32 v _8522_/X (sky130_fd_sc_hd__maj3_1)
   0.39    3.71 v _8524_/X (sky130_fd_sc_hd__maj3_1)
   0.39    4.09 v _8525_/X (sky130_fd_sc_hd__maj3_1)
   0.39    4.49 v _8526_/X (sky130_fd_sc_hd__maj3_1)
   0.39    4.88 v _8527_/X (sky130_fd_sc_hd__maj3_1)
   0.39    5.27 v _8528_/X (sky130_fd_sc_hd__maj3_1)
   0.39    5.65 v _8529_/X (sky130_fd_sc_hd__maj3_1)
   0.36    6.02 v _8532_/X (sky130_fd_sc_hd__a221o_1)
   0.23    6.24 ^ _8535_/Y (sky130_fd_sc_hd__a311oi_2)
   0.09    6.34 v _8538_/Y (sky130_fd_sc_hd__o31ai_1)
   0.39    6.72 v _8540_/X (sky130_fd_sc_hd__maj3_1)
   0.25    6.97 ^ _8542_/Y (sky130_fd_sc_hd__a211oi_2)
   0.18    7.15 ^ _8546_/X (sky130_fd_sc_hd__o311a_1)
   0.16    7.31 ^ _8549_/X (sky130_fd_sc_hd__o311a_1)
   0.09    7.39 v _8551_/Y (sky130_fd_sc_hd__o31ai_1)
   0.38    7.78 v _8552_/X (sky130_fd_sc_hd__maj3_1)
   0.39    8.17 v _8554_/X (sky130_fd_sc_hd__maj3_1)
   0.39    8.56 v _8555_/X (sky130_fd_sc_hd__maj3_1)
   0.38    8.94 v _8557_/X (sky130_fd_sc_hd__maj3_1)
   0.09    9.03 ^ _8558_/Y (sky130_fd_sc_hd__nand2_1)
   0.10    9.13 v _8560_/Y (sky130_fd_sc_hd__a21boi_0)
   0.21    9.34 ^ _8886_/Y (sky130_fd_sc_hd__o31ai_1)
   0.08    9.42 v _8894_/Y (sky130_fd_sc_hd__o21ai_0)
   0.14    9.56 v _4341_/X (sky130_fd_sc_hd__and2_0)
   0.00    9.56 v _4483_/D (sky130_fd_sc_hd__dfxtp_1)
           9.56   data arrival time

  10.00   10.00   clock clk (rise edge)
   0.00   10.00   clock network delay (ideal)
  -0.25    9.75   clock uncertainty
   0.00    9.75   clock reconvergence pessimism
           9.75 ^ _4483_/CLK (sky130_fd_sc_hd__dfxtp_1)
  -0.12    9.63   library setup time
           9.63   data required time
---------------------------------------------------------
           9.63   data required time
          -9.56   data arrival time
---------------------------------------------------------
           0.07   slack (MET)


Startpoint: _4517_ (rising edge-triggered flip-flop clocked by clk)
Endpoint: _4483_ (rising edge-triggered flip-flop clocked by clk)
Path Group: clk
Path Type: max

  Delay    Time   Description
---------------------------------------------------------
   0.00    0.00   clock clk (rise edge)
   0.00    0.00   clock network delay (ideal)
   0.00    0.00 ^ _4517_/CLK (sky130_fd_sc_hd__dfxtp_1)
   0.41    0.41 ^ _4517_/Q (sky130_fd_sc_hd__dfxtp_1)
   0.09    0.51 v _4985_/X (sky130_fd_sc_hd__xor2_1)
   0.49    1.00 v _4987_/X (sky130_fd_sc_hd__or4_4)
   0.43    1.43 ^ _4990_/Y (sky130_fd_sc_hd__nor4b_4)
   0.28    1.72 ^ _3595_/Y (sky130_fd_sc_hd__nand2b_4)
   0.09    1.81 v _3597_/Y (sky130_fd_sc_hd__nand2_8)
   0.13    1.94 ^ _3686_/Y (sky130_fd_sc_hd__o22ai_2)
   0.08    2.01 v _3687_/Y (sky130_fd_sc_hd__nor2_2)
   0.25    2.26 ^ _8512_/Y (sky130_fd_sc_hd__xnor2_2)
   0.11    2.37 v _8514_/Y (sky130_fd_sc_hd__o21ai_2)
   0.34    2.71 v _8517_/X (sky130_fd_sc_hd__a221o_1)
   0.25    2.96 v _8520_/X (sky130_fd_sc_hd__a31o_1)
   0.35    3.31 v _8522_/X (sky130_fd_sc_hd__maj3_1)
   0.39    3.70 v _8524_/X (sky130_fd_sc_hd__maj3_1)
   0.39    4.09 v _8525_/X (sky130_fd_sc_hd__maj3_1)
   0.39    4.48 v _8526_/X (sky130_fd_sc_hd__maj3_1)
   0.39    4.87 v _8527_/X (sky130_fd_sc_hd__maj3_1)
   0.39    5.26 v _8528_/X (sky130_fd_sc_hd__maj3_1)
   0.39    5.65 v _8529_/X (sky130_fd_sc_hd__maj3_1)
   0.36    6.01 v _8532_/X (sky130_fd_sc_hd__a221o_1)
   0.23    6.24 ^ _8535_/Y (sky130_fd_sc_hd__a311oi_2)
   0.09    6.33 v _8538_/Y (sky130_fd_sc_hd__o31ai_1)
   0.39    6.72 v _8540_/X (sky130_fd_sc_hd__maj3_1)
   0.25    6.96 ^ _8542_/Y (sky130_fd_sc_hd__a211oi_2)
   0.18    7.14 ^ _8546_/X (sky130_fd_sc_hd__o311a_1)
   0.16    7.30 ^ _8549_/X (sky130_fd_sc_hd__o311a_1)
   0.09    7.39 v _8551_/Y (sky130_fd_sc_hd__o31ai_1)
   0.38    7.77 v _8552_/X (sky130_fd_sc_hd__maj3_1)
   0.39    8.16 v _8554_/X (sky130_fd_sc_hd__maj3_1)
   0.39    8.55 v _8555_/X (sky130_fd_sc_hd__maj3_1)
   0.38    8.93 v _8557_/X (sky130_fd_sc_hd__maj3_1)
   0.09    9.02 ^ _8558_/Y (sky130_fd_sc_hd__nand2_1)
   0.10    9.12 v _8560_/Y (sky130_fd_sc_hd__a21boi_0)
   0.21    9.33 ^ _8886_/Y (sky130_fd_sc_hd__o31ai_1)
   0.08    9.41 v _8894_/Y (sky130_fd_sc_hd__o21ai_0)
   0.14    9.55 v _4341_/X (sky130_fd_sc_hd__and2_0)
   0.00    9.55 v _4483_/D (sky130_fd_sc_hd__dfxtp_1)
           9.55   data arrival time

  10.00   10.00   clock clk (rise edge)
   0.00   10.00   clock network delay (ideal)
  -0.25    9.75   clock uncertainty
   0.00    9.75   clock reconvergence pessimism
           9.75 ^ _4483_/CLK (sky130_fd_sc_hd__dfxtp_1)
  -0.12    9.63   library setup time
           9.63   data required time
---------------------------------------------------------
           9.63   data required time
          -9.55   data arrival time
---------------------------------------------------------
           0.08   slack (MET)


Startpoint: _4731_ (rising edge-triggered flip-flop clocked by clk)
Endpoint: _4483_ (rising edge-triggered flip-flop clocked by clk)
Path Group: clk
Path Type: max

  Delay    Time   Description
---------------------------------------------------------
   0.00    0.00   clock clk (rise edge)
   0.00    0.00   clock network delay (ideal)
   0.00    0.00 ^ _4731_/CLK (sky130_fd_sc_hd__dfxtp_1)
   0.31    0.31 v _4731_/Q (sky130_fd_sc_hd__dfxtp_1)
   0.38    0.69 v _4976_/X (sky130_fd_sc_hd__or3_1)
   0.22    0.90 ^ _4977_/Y (sky130_fd_sc_hd__nor3_4)
   0.13    1.04 v _4982_/Y (sky130_fd_sc_hd__nor4_4)
   0.40    1.43 ^ _4990_/Y (sky130_fd_sc_hd__nor4b_4)
   0.28    1.72 ^ _3595_/Y (sky130_fd_sc_hd__nand2b_4)
   0.09    1.81 v _3597_/Y (sky130_fd_sc_hd__nand2_8)
   0.13    1.93 ^ _3686_/Y (sky130_fd_sc_hd__o22ai_2)
   0.08    2.01 v _3687_/Y (sky130_fd_sc_hd__nor2_2)
   0.25    2.26 ^ _8512_/Y (sky130_fd_sc_hd__xnor2_2)
   0.11    2.37 v _8514_/Y (sky130_fd_sc_hd__o21ai_2)
   0.34    2.71 v _8517_/X (sky130_fd_sc_hd__a221o_1)
   0.25    2.96 v _8520_/X (sky130_fd_sc_hd__a31o_1)
   0.35    3.31 v _8522_/X (sky130_fd_sc_hd__maj3_1)
   0.39    3.70 v _8524_/X (sky130_fd_sc_hd__maj3_1)
   0.39    4.09 v _8525_/X (sky130_fd_sc_hd__maj3_1)
   0.39    4.48 v _8526_/X (sky130_fd_sc_hd__maj3_1)
   0.39    4.87 v _8527_/X (sky130_fd_sc_hd__maj3_1)
   0.39    5.26 v _8528_/X (sky130_fd_sc_hd__maj3_1)
   0.39    5.65 v _8529_/X (sky130_fd_sc_hd__maj3_1)
   0.36    6.01 v _8532_/X (sky130_fd_sc_hd__a221o_1)
   0.23    6.23 ^ _8535_/Y (sky130_fd_sc_hd__a311oi_2)
   0.09    6.33 v _8538_/Y (sky130_fd_sc_hd__o31ai_1)
   0.39    6.71 v _8540_/X (sky130_fd_sc_hd__maj3_1)
   0.25    6.96 ^ _8542_/Y (sky130_fd_sc_hd__a211oi_2)
   0.18    7.14 ^ _8546_/X (sky130_fd_sc_hd__o311a_1)
   0.16    7.30 ^ _8549_/X (sky130_fd_sc_hd__o311a_1)
   0.09    7.39 v _8551_/Y (sky130_fd_sc_hd__o31ai_1)
   0.38    7.77 v _8552_/X (sky130_fd_sc_hd__maj3_1)
   0.39    8.16 v _8554_/X (sky130_fd_sc_hd__maj3_1)
   0.39    8.55 v _8555_/X (sky130_fd_sc_hd__maj3_1)
   0.38    8.93 v _8557_/X (sky130_fd_sc_hd__maj3_1)
   0.09    9.02 ^ _8558_/Y (sky130_fd_sc_hd__nand2_1)
   0.10    9.12 v _8560_/Y (sky130_fd_sc_hd__a21boi_0)
   0.21    9.33 ^ _8886_/Y (sky130_fd_sc_hd__o31ai_1)
   0.08    9.41 v _8894_/Y (sky130_fd_sc_hd__o21ai_0)
   0.14    9.55 v _4341_/X (sky130_fd_sc_hd__and2_0)
   0.00    9.55 v _4483_/D (sky130_fd_sc_hd__dfxtp_1)
           9.55   data arrival time

  10.00   10.00   clock clk (rise edge)
   0.00   10.00   clock network delay (ideal)
  -0.25    9.75   clock uncertainty
   0.00    9.75   clock reconvergence pessimism
           9.75 ^ _4483_/CLK (sky130_fd_sc_hd__dfxtp_1)
  -0.12    9.63   library setup time
           9.63   data required time
---------------------------------------------------------
           9.63   data required time
          -9.55   data arrival time
---------------------------------------------------------
           0.08   slack (MET)


Startpoint: _4516_ (rising edge-triggered flip-flop clocked by clk)
Endpoint: _4483_ (rising edge-triggered flip-flop clocked by clk)
Path Group: clk
Path Type: max

  Delay    Time   Description
---------------------------------------------------------
   0.00    0.00   clock clk (rise edge)
   0.00    0.00   clock network delay (ideal)
   0.00    0.00 ^ _4516_/CLK (sky130_fd_sc_hd__dfxtp_2)
   0.33    0.33 v _4516_/Q (sky130_fd_sc_hd__dfxtp_2)
   0.14    0.47 v _4984_/X (sky130_fd_sc_hd__xor2_1)
   0.52    0.99 v _4987_/X (sky130_fd_sc_hd__or4_4)
   0.43    1.43 ^ _4990_/Y (sky130_fd_sc_hd__nor4b_4)
   0.28    1.71 ^ _3595_/Y (sky130_fd_sc_hd__nand2b_4)
   0.09    1.80 v _3597_/Y (sky130_fd_sc_hd__nand2_8)
   0.13    1.93 ^ _3686_/Y (sky130_fd_sc_hd__o22ai_2)
   0.08    2.01 v _3687_/Y (sky130_fd_sc_hd__nor2_2)
   0.25    2.25 ^ _8512_/Y (sky130_fd_sc_hd__xnor2_2)
   0.11    2.36 v _8514_/Y (sky130_fd_sc_hd__o21ai_2)
   0.34    2.70 v _8517_/X (sky130_fd_sc_hd__a221o_1)
   0.25    2.95 v _8520_/X (sky130_fd_sc_hd__a31o_1)
   0.35    3.31 v _8522_/X (sky130_fd_sc_hd__maj3_1)
   0.39    3.69 v _8524_/X (sky130_fd_sc_hd__maj3_1)
   0.39    4.08 v _8525_/X (sky130_fd_sc_hd__maj3_1)
   0.39    4.47 v _8526_/X (sky130_fd_sc_hd__maj3_1)
   0.39    4.86 v _8527_/X (sky130_fd_sc_hd__maj3_1)
   0.39    5.25 v _8528_/X (sky130_fd_sc_hd__maj3_1)
   0.39    5.64 v _8529_/X (sky130_fd_sc_hd__maj3_1)
   0.36    6.00 v _8532_/X (sky130_fd_sc_hd__a221o_1)
   0.23    6.23 ^ _8535_/Y (sky130_fd_sc_hd__a311oi_2)
   0.09    6.32 v _8538_/Y (sky130_fd_sc_hd__o31ai_1)
   0.39    6.71 v _8540_/X (sky130_fd_sc_hd__maj3_1)
   0.25    6.95 ^ _8542_/Y (sky130_fd_sc_hd__a211oi_2)
   0.18    7.14 ^ _8546_/X (sky130_fd_sc_hd__o311a_1)
   0.16    7.29 ^ _8549_/X (sky130_fd_sc_hd__o311a_1)
   0.09    7.38 v _8551_/Y (sky130_fd_sc_hd__o31ai_1)
   0.38    7.77 v _8552_/X (sky130_fd_sc_hd__maj3_1)
   0.39    8.16 v _8554_/X (sky130_fd_sc_hd__maj3_1)
   0.39    8.55 v _8555_/X (sky130_fd_sc_hd__maj3_1)
   0.38    8.93 v _8557_/X (sky130_fd_sc_hd__maj3_1)
   0.09    9.02 ^ _8558_/Y (sky130_fd_sc_hd__nand2_1)
   0.10    9.12 v _8560_/Y (sky130_fd_sc_hd__a21boi_0)
   0.21    9.33 ^ _8886_/Y (sky130_fd_sc_hd__o31ai_1)
   0.08    9.41 v _8894_/Y (sky130_fd_sc_hd__o21ai_0)
   0.14    9.55 v _4341_/X (sky130_fd_sc_hd__and2_0)
   0.00    9.55 v _4483_/D (sky130_fd_sc_hd__dfxtp_1)
           9.55   data arrival time

  10.00   10.00   clock clk (rise edge)
   0.00   10.00   clock network delay (ideal)
  -0.25    9.75   clock uncertainty
   0.00    9.75   clock reconvergence pessimism
           9.75 ^ _4483_/CLK (sky130_fd_sc_hd__dfxtp_1)
  -0.12    9.63   library setup time
           9.63   data required time
---------------------------------------------------------
           9.63   data required time
          -9.55   data arrival time
---------------------------------------------------------
           0.09   slack (MET)


Startpoint: _4520_ (rising edge-triggered flip-flop clocked by clk)
Endpoint: _4483_ (rising edge-triggered flip-flop clocked by clk)
Path Group: clk
Path Type: max

  Delay    Time   Description
---------------------------------------------------------
   0.00    0.00   clock clk (rise edge)
   0.00    0.00   clock network delay (ideal)
   0.00    0.00 ^ _4520_/CLK (sky130_fd_sc_hd__dfxtp_1)
   0.46    0.46 ^ _4520_/Q (sky130_fd_sc_hd__dfxtp_1)
   0.13    0.59 v _4992_/Y (sky130_fd_sc_hd__o22ai_1)
   0.25    0.84 ^ _4995_/Y (sky130_fd_sc_hd__nor4_1)
   0.15    0.99 v _4997_/Y (sky130_fd_sc_hd__nand3_1)
   0.19    1.17 ^ _4998_/Y (sky130_fd_sc_hd__nor2_4)
   0.23    1.41 ^ _3692_/Y (sky130_fd_sc_hd__nor2b_4)
   0.10    1.50 v _3694_/Y (sky130_fd_sc_hd__nor2_4)
   0.18    1.68 v _3810_/X (sky130_fd_sc_hd__a22o_1)
   0.13    1.82 ^ _3811_/Y (sky130_fd_sc_hd__a21oi_1)
   0.10    1.92 v _3813_/Y (sky130_fd_sc_hd__o21ai_2)
   0.33    2.25 ^ _8512_/Y (sky130_fd_sc_hd__xnor2_2)
   0.11    2.36 v _8514_/Y (sky130_fd_sc_hd__o21ai_2)
   0.34    2.70 v _8517_/X (sky130_fd_sc_hd__a221o_1)
   0.25    2.95 v _8520_/X (sky130_fd_sc_hd__a31o_1)
   0.35    3.31 v _8522_/X (sky130_fd_sc_hd__maj3_1)
   0.39    3.69 v _8524_/X (sky130_fd_sc_hd__maj3_1)
   0.39    4.08 v _8525_/X (sky130_fd_sc_hd__maj3_1)
   0.39    4.47 v _8526_/X (sky130_fd_sc_hd__maj3_1)
   0.39    4.86 v _8527_/X (sky130_fd_sc_hd__maj3_1)
   0.39    5.25 v _8528_/X (sky130_fd_sc_hd__maj3_1)
   0.39    5.64 v _8529_/X (sky130_fd_sc_hd__maj3_1)
   0.36    6.00 v _8532_/X (sky130_fd_sc_hd__a221o_1)
   0.23    6.23 ^ _8535_/Y (sky130_fd_sc_hd__a311oi_2)
   0.09    6.32 v _8538_/Y (sky130_fd_sc_hd__o31ai_1)
   0.39    6.71 v _8540_/X (sky130_fd_sc_hd__maj3_1)
   0.25    6.95 ^ _8542_/Y (sky130_fd_sc_hd__a211oi_2)
   0.18    7.13 ^ _8546_/X (sky130_fd_sc_hd__o311a_1)
   0.16    7.29 ^ _8549_/X (sky130_fd_sc_hd__o311a_1)
   0.09    7.38 v _8551_/Y (sky130_fd_sc_hd__o31ai_1)
   0.38    7.77 v _8552_/X (sky130_fd_sc_hd__maj3_1)
   0.39    8.16 v _8554_/X (sky130_fd_sc_hd__maj3_1)
   0.39    8.55 v _8555_/X (sky130_fd_sc_hd__maj3_1)
   0.38    8.93 v _8557_/X (sky130_fd_sc_hd__maj3_1)
   0.09    9.02 ^ _8558_/Y (sky130_fd_sc_hd__nand2_1)
   0.10    9.11 v _8560_/Y (sky130_fd_sc_hd__a21boi_0)
   0.21    9.32 ^ _8886_/Y (sky130_fd_sc_hd__o31ai_1)
   0.08    9.41 v _8894_/Y (sky130_fd_sc_hd__o21ai_0)
   0.14    9.55 v _4341_/X (sky130_fd_sc_hd__and2_0)
   0.00    9.55 v _4483_/D (sky130_fd_sc_hd__dfxtp_1)
           9.55   data arrival time

  10.00   10.00   clock clk (rise edge)
   0.00   10.00   clock network delay (ideal)
  -0.25    9.75   clock uncertainty
   0.00    9.75   clock reconvergence pessimism
           9.75 ^ _4483_/CLK (sky130_fd_sc_hd__dfxtp_1)
  -0.12    9.63   library setup time
           9.63   data required time
---------------------------------------------------------
           9.63   data required time
          -9.55   data arrival time
---------------------------------------------------------
           0.09   slack (MET)


Startpoint: _4770_ (rising edge-triggered flip-flop clocked by clk)
Endpoint: _4483_ (rising edge-triggered flip-flop clocked by clk)
Path Group: clk
Path Type: max

  Delay    Time   Description
---------------------------------------------------------
   0.00    0.00   clock clk (rise edge)
   0.00    0.00   clock network delay (ideal)
   0.00    0.00 ^ _4770_/CLK (sky130_fd_sc_hd__dfxtp_1)
   0.29    0.29 v _4770_/Q (sky130_fd_sc_hd__dfxtp_1)
   0.15    0.44 v _4965_/X (sky130_fd_sc_hd__xor2_1)
   0.31    0.75 ^ _4972_/Y (sky130_fd_sc_hd__a2111oi_0)
   0.35    1.10 ^ _4973_/X (sky130_fd_sc_hd__and3_2)
   0.09    1.19 v _4998_/Y (sky130_fd_sc_hd__nor2_4)
   0.21    1.40 ^ _3691_/Y (sky130_fd_sc_hd__nor2b_4)
   0.10    1.50 v _3694_/Y (sky130_fd_sc_hd__nor2_4)
   0.18    1.68 v _3810_/X (sky130_fd_sc_hd__a22o_1)
   0.13    1.82 ^ _3811_/Y (sky130_fd_sc_hd__a21oi_1)
   0.10    1.92 v _3813_/Y (sky130_fd_sc_hd__o21ai_2)
   0.33    2.25 ^ _8512_/Y (sky130_fd_sc_hd__xnor2_2)
   0.11    2.36 v _8514_/Y (sky130_fd_sc_hd__o21ai_2)
   0.34    2.70 v _8517_/X (sky130_fd_sc_hd__a221o_1)
   0.25    2.95 v _8520_/X (sky130_fd_sc_hd__a31o_1)
   0.35    3.31 v _8522_/X (sky130_fd_sc_hd__maj3_1)
   0.39    3.69 v _8524_/X (sky130_fd_sc_hd__maj3_1)
   0.39    4.08 v _8525_/X (sky130_fd_sc_hd__maj3_1)
   0.39    4.47 v _8526_/X (sky130_fd_sc_hd__maj3_1)
   0.39    4.86 v _8527_/X (sky130_fd_sc_hd__maj3_1)
   0.39    5.25 v _8528_/X (sky130_fd_sc_hd__maj3_1)
   0.39    5.64 v _8529_/X (sky130_fd_sc_hd__maj3_1)
   0.36    6.00 v _8532_/X (sky130_fd_sc_hd__a221o_1)
   0.23    6.23 ^ _8535_/Y (sky130_fd_sc_hd__a311oi_2)
   0.09    6.32 v _8538_/Y (sky130_fd_sc_hd__o31ai_1)
   0.39    6.71 v _8540_/X (sky130_fd_sc_hd__maj3_1)
   0.25    6.95 ^ _8542_/Y (sky130_fd_sc_hd__a211oi_2)
   0.18    7.13 ^ _8546_/X (sky130_fd_sc_hd__o311a_1)
   0.16    7.29 ^ _8549_/X (sky130_fd_sc_hd__o311a_1)
   0.09    7.38 v _8551_/Y (sky130_fd_sc_hd__o31ai_1)
   0.38    7.76 v _8552_/X (sky130_fd_sc_hd__maj3_1)
   0.39    8.16 v _8554_/X (sky130_fd_sc_hd__maj3_1)
   0.39    8.54 v _8555_/X (sky130_fd_sc_hd__maj3_1)
   0.38    8.93 v _8557_/X (sky130_fd_sc_hd__maj3_1)
   0.09    9.02 ^ _8558_/Y (sky130_fd_sc_hd__nand2_1)
   0.10    9.11 v _8560_/Y (sky130_fd_sc_hd__a21boi_0)
   0.21    9.32 ^ _8886_/Y (sky130_fd_sc_hd__o31ai_1)
   0.08    9.41 v _8894_/Y (sky130_fd_sc_hd__o21ai_0)
   0.14    9.55 v _4341_/X (sky130_fd_sc_hd__and2_0)
   0.00    9.55 v _4483_/D (sky130_fd_sc_hd__dfxtp_1)
           9.55   data arrival time

  10.00   10.00   clock clk (rise edge)
   0.00   10.00   clock network delay (ideal)
  -0.25    9.75   clock uncertainty
   0.00    9.75   clock reconvergence pessimism
           9.75 ^ _4483_/CLK (sky130_fd_sc_hd__dfxtp_1)
  -0.12    9.63   library setup time
           9.63   data required time
---------------------------------------------------------
           9.63   data required time
          -9.55   data arrival time
---------------------------------------------------------
           0.09   slack (MET)


Startpoint: _4517_ (rising edge-triggered flip-flop clocked by clk)
Endpoint: _4483_ (rising edge-triggered flip-flop clocked by clk)
Path Group: clk
Path Type: max

  Delay    Time   Description
---------------------------------------------------------
   0.00    0.00   clock clk (rise edge)
   0.00    0.00   clock network delay (ideal)
   0.00    0.00 ^ _4517_/CLK (sky130_fd_sc_hd__dfxtp_1)
   0.34    0.34 v _4517_/Q (sky130_fd_sc_hd__dfxtp_1)
   0.16    0.50 v _4985_/X (sky130_fd_sc_hd__xor2_1)
   0.49    0.99 v _4987_/X (sky130_fd_sc_hd__or4_4)
   0.43    1.43 ^ _4990_/Y (sky130_fd_sc_hd__nor4b_4)
   0.28    1.71 ^ _3595_/Y (sky130_fd_sc_hd__nand2b_4)
   0.09    1.80 v _3597_/Y (sky130_fd_sc_hd__nand2_8)
   0.13    1.93 ^ _3686_/Y (sky130_fd_sc_hd__o22ai_2)
   0.08    2.00 v _3687_/Y (sky130_fd_sc_hd__nor2_2)
   0.25    2.25 ^ _8512_/Y (sky130_fd_sc_hd__xnor2_2)
   0.11    2.36 v _8514_/Y (sky130_fd_sc_hd__o21ai_2)
   0.34    2.70 v _8517_/X (sky130_fd_sc_hd__a221o_1)
   0.25    2.95 v _8520_/X (sky130_fd_sc_hd__a31o_1)
   0.35    3.31 v _8522_/X (sky130_fd_sc_hd__maj3_1)
   0.39    3.69 v _8524_/X (sky130_fd_sc_hd__maj3_1)
   0.39    4.08 v _8525_/X (sky130_fd_sc_hd__maj3_1)
   0.39    4.47 v _8526_/X (sky130_fd_sc_hd__maj3_1)
   0.39    4.86 v _8527_/X (sky130_fd_sc_hd__maj3_1)
   0.39    5.25 v _8528_/X (sky130_fd_sc_hd__maj3_1)
   0.39    5.64 v _8529_/X (sky130_fd_sc_hd__maj3_1)
   0.36    6.00 v _8532_/X (sky130_fd_sc_hd__a221o_1)
   0.23    6.23 ^ _8535_/Y (sky130_fd_sc_hd__a311oi_2)
   0.09    6.32 v _8538_/Y (sky130_fd_sc_hd__o31ai_1)
   0.39    6.71 v _8540_/X (sky130_fd_sc_hd__maj3_1)
   0.25    6.95 ^ _8542_/Y (sky130_fd_sc_hd__a211oi_2)
   0.18    7.13 ^ _8546_/X (sky130_fd_sc_hd__o311a_1)
   0.16    7.29 ^ _8549_/X (sky130_fd_sc_hd__o311a_1)
   0.09    7.38 v _8551_/Y (sky130_fd_sc_hd__o31ai_1)
   0.38    7.76 v _8552_/X (sky130_fd_sc_hd__maj3_1)
   0.39    8.16 v _8554_/X (sky130_fd_sc_hd__maj3_1)
   0.39    8.54 v _8555_/X (sky130_fd_sc_hd__maj3_1)
   0.38    8.93 v _8557_/X (sky130_fd_sc_hd__maj3_1)
   0.09    9.01 ^ _8558_/Y (sky130_fd_sc_hd__nand2_1)
   0.10    9.11 v _8560_/Y (sky130_fd_sc_hd__a21boi_0)
   0.21    9.32 ^ _8886_/Y (sky130_fd_sc_hd__o31ai_1)
   0.08    9.41 v _8894_/Y (sky130_fd_sc_hd__o21ai_0)
   0.14    9.54 v _4341_/X (sky130_fd_sc_hd__and2_0)
   0.00    9.54 v _4483_/D (sky130_fd_sc_hd__dfxtp_1)
           9.54   data arrival time

  10.00   10.00   clock clk (rise edge)
   0.00   10.00   clock network delay (ideal)
  -0.25    9.75   clock uncertainty
   0.00    9.75   clock reconvergence pessimism
           9.75 ^ _4483_/CLK (sky130_fd_sc_hd__dfxtp_1)
  -0.12    9.63   library setup time
           9.63   data required time
---------------------------------------------------------
           9.63   data required time
          -9.54   data arrival time
---------------------------------------------------------
           0.09   slack (MET)


Startpoint: _4452_ (rising edge-triggered flip-flop clocked by clk)
Endpoint: probe_alu_out[0] (output port clocked by clk_v)
Path Group: clk_v
Path Type: max

  Delay    Time   Description
---------------------------------------------------------
   0.00    0.00   clock clk (rise edge)
   0.00    0.00   clock network delay (ideal)
   0.00    0.00 ^ _4452_/CLK (sky130_fd_sc_hd__dfxtp_1)
   1.05    1.05 ^ _4452_/Q (sky130_fd_sc_hd__dfxtp_1)
   0.00    1.05 ^ probe_alu_out[0] (out)
           1.05   data arrival time

  10.00   10.00   clock clk_v (rise edge)
   0.00   10.00   clock network delay (ideal)
   0.00   10.00   clock reconvergence pessimism
  -2.00    8.00   output external delay
           8.00   data required time
---------------------------------------------------------
           8.00   data required time
          -1.05   data arrival time
---------------------------------------------------------
           6.95   slack (MET)


Startpoint: _4452_ (rising edge-triggered flip-flop clocked by clk)
Endpoint: probe_alu_out[0] (output port clocked by clk_v)
Path Group: clk_v
Path Type: max

  Delay    Time   Description
---------------------------------------------------------
   0.00    0.00   clock clk (rise edge)
   0.00    0.00   clock network delay (ideal)
   0.00    0.00 ^ _4452_/CLK (sky130_fd_sc_hd__dfxtp_1)
   0.65    0.65 v _4452_/Q (sky130_fd_sc_hd__dfxtp_1)
   0.00    0.65 v probe_alu_out[0] (out)
           0.65   data arrival time

  10.00   10.00   clock clk_v (rise edge)
   0.00   10.00   clock network delay (ideal)
   0.00   10.00   clock reconvergence pessimism
  -2.00    8.00   output external delay
           8.00   data required time
---------------------------------------------------------
           8.00   data required time
          -0.65   data arrival time
---------------------------------------------------------
           7.35   slack (MET)


Startpoint: _4483_ (rising edge-triggered flip-flop clocked by clk)
Endpoint: probe_alu_out[31] (output port clocked by clk_v)
Path Group: clk_v
Path Type: max

  Delay    Time   Description
---------------------------------------------------------
   0.00    0.00   clock clk (rise edge)
   0.00    0.00   clock network delay (ideal)
   0.00    0.00 ^ _4483_/CLK (sky130_fd_sc_hd__dfxtp_1)
   0.31    0.31 ^ _4483_/Q (sky130_fd_sc_hd__dfxtp_1)
   0.00    0.31 ^ probe_alu_out[31] (out)
           0.31   data arrival time

  10.00   10.00   clock clk_v (rise edge)
   0.00   10.00   clock network delay (ideal)
   0.00   10.00   clock reconvergence pessimism
  -2.00    8.00   output external delay
           8.00   data required time
---------------------------------------------------------
           8.00   data required time
          -0.31   data arrival time
---------------------------------------------------------
           7.69   slack (MET)


Startpoint: _4463_ (rising edge-triggered flip-flop clocked by clk)
Endpoint: probe_alu_out[11] (output port clocked by clk_v)
Path Group: clk_v
Path Type: max

  Delay    Time   Description
---------------------------------------------------------
   0.00    0.00   clock clk (rise edge)
   0.00    0.00   clock network delay (ideal)
   0.00    0.00 ^ _4463_/CLK (sky130_fd_sc_hd__dfxtp_1)
   0.31    0.31 ^ _4463_/Q (sky130_fd_sc_hd__dfxtp_1)
   0.00    0.31 ^ probe_alu_out[11] (out)
           0.31   data arrival time

  10.00   10.00   clock clk_v (rise edge)
   0.00   10.00   clock network delay (ideal)
   0.00   10.00   clock reconvergence pessimism
  -2.00    8.00   output external delay
           8.00   data required time
---------------------------------------------------------
           8.00   data required time
          -0.31   data arrival time
---------------------------------------------------------
           7.69   slack (MET)


Startpoint: _4473_ (rising edge-triggered flip-flop clocked by clk)
Endpoint: probe_alu_out[21] (output port clocked by clk_v)
Path Group: clk_v
Path Type: max

  Delay    Time   Description
---------------------------------------------------------
   0.00    0.00   clock clk (rise edge)
   0.00    0.00   clock network delay (ideal)
   0.00    0.00 ^ _4473_/CLK (sky130_fd_sc_hd__dfxtp_1)
   0.31    0.31 ^ _4473_/Q (sky130_fd_sc_hd__dfxtp_1)
   0.00    0.31 ^ probe_alu_out[21] (out)
           0.31   data arrival time

  10.00   10.00   clock clk_v (rise edge)
   0.00   10.00   clock network delay (ideal)
   0.00   10.00   clock reconvergence pessimism
  -2.00    8.00   output external delay
           8.00   data required time
---------------------------------------------------------
           8.00   data required time
          -0.31   data arrival time
---------------------------------------------------------
           7.69   slack (MET)


Startpoint: _4474_ (rising edge-triggered flip-flop clocked by clk)
Endpoint: probe_alu_out[22] (output port clocked by clk_v)
Path Group: clk_v
Path Type: max

  Delay    Time   Description
---------------------------------------------------------
   0.00    0.00   clock clk (rise edge)
   0.00    0.00   clock network delay (ideal)
   0.00    0.00 ^ _4474_/CLK (sky130_fd_sc_hd__dfxtp_1)
   0.31    0.31 ^ _4474_/Q (sky130_fd_sc_hd__dfxtp_1)
   0.00    0.31 ^ probe_alu_out[22] (out)
           0.31   data arrival time

  10.00   10.00   clock clk_v (rise edge)
   0.00   10.00   clock network delay (ideal)
   0.00   10.00   clock reconvergence pessimism
  -2.00    8.00   output external delay
           8.00   data required time
---------------------------------------------------------
           8.00   data required time
          -0.31   data arrival time
---------------------------------------------------------
           7.69   slack (MET)


Startpoint: _4475_ (rising edge-triggered flip-flop clocked by clk)
Endpoint: probe_alu_out[23] (output port clocked by clk_v)
Path Group: clk_v
Path Type: max

  Delay    Time   Description
---------------------------------------------------------
   0.00    0.00   clock clk (rise edge)
   0.00    0.00   clock network delay (ideal)
   0.00    0.00 ^ _4475_/CLK (sky130_fd_sc_hd__dfxtp_1)
   0.31    0.31 ^ _4475_/Q (sky130_fd_sc_hd__dfxtp_1)
   0.00    0.31 ^ probe_alu_out[23] (out)
           0.31   data arrival time

  10.00   10.00   clock clk_v (rise edge)
   0.00   10.00   clock network delay (ideal)
   0.00   10.00   clock reconvergence pessimism
  -2.00    8.00   output external delay
           8.00   data required time
---------------------------------------------------------
           8.00   data required time
          -0.31   data arrival time
---------------------------------------------------------
           7.69   slack (MET)


Startpoint: _4476_ (rising edge-triggered flip-flop clocked by clk)
Endpoint: probe_alu_out[24] (output port clocked by clk_v)
Path Group: clk_v
Path Type: max

  Delay    Time   Description
---------------------------------------------------------
   0.00    0.00   clock clk (rise edge)
   0.00    0.00   clock network delay (ideal)
   0.00    0.00 ^ _4476_/CLK (sky130_fd_sc_hd__dfxtp_1)
   0.31    0.31 ^ _4476_/Q (sky130_fd_sc_hd__dfxtp_1)
   0.00    0.31 ^ probe_alu_out[24] (out)
           0.31   data arrival time

  10.00   10.00   clock clk_v (rise edge)
   0.00   10.00   clock network delay (ideal)
   0.00   10.00   clock reconvergence pessimism
  -2.00    8.00   output external delay
           8.00   data required time
---------------------------------------------------------
           8.00   data required time
          -0.31   data arrival time
---------------------------------------------------------
           7.69   slack (MET)


Startpoint: _4479_ (rising edge-triggered flip-flop clocked by clk)
Endpoint: probe_alu_out[27] (output port clocked by clk_v)
Path Group: clk_v
Path Type: max

  Delay    Time   Description
---------------------------------------------------------
   0.00    0.00   clock clk (rise edge)
   0.00    0.00   clock network delay (ideal)
   0.00    0.00 ^ _4479_/CLK (sky130_fd_sc_hd__dfxtp_1)
   0.31    0.31 ^ _4479_/Q (sky130_fd_sc_hd__dfxtp_1)
   0.00    0.31 ^ probe_alu_out[27] (out)
           0.31   data arrival time

  10.00   10.00   clock clk_v (rise edge)
   0.00   10.00   clock network delay (ideal)
   0.00   10.00   clock reconvergence pessimism
  -2.00    8.00   output external delay
           8.00   data required time
---------------------------------------------------------
           8.00   data required time
          -0.31   data arrival time
---------------------------------------------------------
           7.69   slack (MET)


Startpoint: _4455_ (rising edge-triggered flip-flop clocked by clk)
Endpoint: probe_alu_out[3] (output port clocked by clk_v)
Path Group: clk_v
Path Type: max

  Delay    Time   Description
---------------------------------------------------------
   0.00    0.00   clock clk (rise edge)
   0.00    0.00   clock network delay (ideal)
   0.00    0.00 ^ _4455_/CLK (sky130_fd_sc_hd__dfxtp_1)
   0.31    0.31 ^ _4455_/Q (sky130_fd_sc_hd__dfxtp_1)
   0.00    0.31 ^ probe_alu_out[3] (out)
           0.31   data arrival time

  10.00   10.00   clock clk_v (rise edge)
   0.00   10.00   clock network delay (ideal)
   0.00   10.00   clock reconvergence pessimism
  -2.00    8.00   output external delay
           8.00   data required time
---------------------------------------------------------
           8.00   data required time
          -0.31   data arrival time
---------------------------------------------------------
           7.69   slack (MET)


